2025-12-10 17:53:54.347 [info] Started local extension host with pid 10897.
2025-12-10 17:53:54.375 [info] [Continue.continue]: Command `continue.focusContinueInput` already registered by Continue - open-source AI code agent (Continue.continue)
2025-12-10 17:53:56.268 [warning] Authentication provider continue was not declared in the Extension Manifest.
2025-12-10 17:53:56.269 [error] [Extension Host] (node:10897) [DEP0040] DeprecationWarning: The `punycode` module is deprecated. Please use a userland alternative instead.
(Use `exe --trace-deprecation ...` to show where the warning was created)
2025-12-10 17:53:56.273 [error] [Extension Host] Failed to register Continue config.yaml schema, most likely, YAML extension is not installed CodeExpectedError: Unable to write to User Settings because yaml.schemas is not a registered configuration.
    at Bkt.z (vscode-file://vscode-app/usr/lib/code/out/vs/workbench/workbench.desktop.main.js:3828:6793)
    at Bkt.F (vscode-file://vscode-app/usr/lib/code/out/vs/workbench/workbench.desktop.main.js:3828:9281)
    at Bkt.o (vscode-file://vscode-app/usr/lib/code/out/vs/workbench/workbench.desktop.main.js:3828:3874)
    at Object.factory (vscode-file://vscode-app/usr/lib/code/out/vs/workbench/workbench.desktop.main.js:3828:3774)
    at Qv.j (vscode-file://vscode-app/usr/lib/code/out/vs/workbench/workbench.desktop.main.js:30:75974)
    at vscode-file://vscode-app/usr/lib/code/out/vs/workbench/workbench.desktop.main.js:30:75886
    at new Promise (<anonymous>)
    at Qv.queue (vscode-file://vscode-app/usr/lib/code/out/vs/workbench/workbench.desktop.main.js:30:75828)
    at Bkt.writeConfiguration (vscode-file://vscode-app/usr/lib/code/out/vs/workbench/workbench.desktop.main.js:3828:3743)
    at cbn.Hb (vscode-file://vscode-app/usr/lib/code/out/vs/workbench/workbench.desktop.main.js:3828:42702)
2025-12-10 17:53:57.245 [info] [perf] Render performance baseline is 24ms
2025-12-10 17:54:27.740 [error] [Extension Host] Document /home/zkh/.config/hypr/conf/ml4w.conf not found in AST tracker
2025-12-10 17:54:43.861 [error] [Extension Host] Document /home/zkh/.config/hypr/conf/ml4w.conf not found in AST tracker
2025-12-10 17:54:44.459 [error] [Extension Host] Document /home/zkh/.config/hypr/conf/ml4w.conf not found in AST tracker
2025-12-10 17:54:44.543 [error] [Extension Host] Document /home/zkh/.config/hypr/conf/ml4w.conf not found in AST tracker
2025-12-10 17:54:44.544 [error] [Extension Host] Document /home/zkh/.config/hypr/conf/ml4w.conf not found in AST tracker
2025-12-10 17:54:45.417 [error] [Extension Host] Document /home/zkh/.config/hypr/conf/ml4w.conf not found in AST tracker
2025-12-10 17:54:46.017 [error] [Extension Host] Document /home/zkh/.config/hypr/conf/ml4w.conf not found in AST tracker
2025-12-10 17:54:46.098 [error] [Extension Host] Document /home/zkh/.config/hypr/conf/ml4w.conf not found in AST tracker
2025-12-10 17:54:46.098 [error] [Extension Host] Document /home/zkh/.config/hypr/conf/ml4w.conf not found in AST tracker
2025-12-10 17:54:46.193 [error] [Extension Host] Document /home/zkh/.config/hypr/conf/ml4w.conf not found in AST tracker
2025-12-10 17:54:46.194 [error] [Extension Host] Document /home/zkh/.config/hypr/conf/ml4w.conf not found in AST tracker
2025-12-10 17:54:57.921 [error] [Extension Host] Document /home/zkh/.config/hypr/conf/ml4w.conf not found in AST tracker
2025-12-10 17:54:58.521 [error] [Extension Host] Document /home/zkh/.config/hypr/conf/ml4w.conf not found in AST tracker
2025-12-10 17:54:58.610 [error] [Extension Host] Document /home/zkh/.config/hypr/conf/ml4w.conf not found in AST tracker
2025-12-10 17:54:58.611 [error] [Extension Host] Document /home/zkh/.config/hypr/conf/ml4w.conf not found in AST tracker
2025-12-10 17:54:58.684 [error] [Extension Host] Document /home/zkh/.config/hypr/conf/ml4w.conf not found in AST tracker
2025-12-10 17:54:58.684 [error] [Extension Host] Document /home/zkh/.config/hypr/conf/ml4w.conf not found in AST tracker
2025-12-10 17:55:00.745 [error] [Extension Host] Document /home/zkh/.config/hypr/conf/ml4w.conf not found in AST tracker
2025-12-10 17:55:00.745 [error] [Extension Host] Document /home/zkh/.config/hypr/conf/ml4w.conf not found in AST tracker
2025-12-10 17:55:01.135 [error] [Extension Host] Document /home/zkh/.config/hypr/conf/ml4w.conf not found in AST tracker
2025-12-10 17:55:01.335 [error] [Extension Host] Document /home/zkh/.config/hypr/conf/ml4w.conf not found in AST tracker
2025-12-10 17:55:08.699 [error] [Extension Host] Document /home/zkh/.config/hypr/conf/ml4w.conf not found in AST tracker
2025-12-10 17:55:57.631 [error] [Extension Host] Document /home/zkh/.config/hypr/conf/ml4w.conf not found in AST tracker
2025-12-10 17:55:57.849 [error] [Extension Host] Document /home/zkh/.config/hypr/conf/ml4w.conf not found in AST tracker
2025-12-10 17:55:57.914 [error] [Extension Host] Document /home/zkh/.config/hypr/conf/ml4w.conf not found in AST tracker
2025-12-10 17:55:57.914 [error] [Extension Host] Document /home/zkh/.config/hypr/conf/ml4w.conf not found in AST tracker
2025-12-10 17:55:58.030 [error] [Extension Host] Document /home/zkh/.config/hypr/conf/ml4w.conf not found in AST tracker
2025-12-10 17:55:58.031 [error] [Extension Host] Document /home/zkh/.config/hypr/conf/ml4w.conf not found in AST tracker
2025-12-10 17:55:58.081 [error] [Extension Host] Document /home/zkh/.config/hypr/conf/ml4w.conf not found in AST tracker
2025-12-10 17:55:58.081 [error] [Extension Host] Document /home/zkh/.config/hypr/conf/ml4w.conf not found in AST tracker
2025-12-10 17:55:58.131 [error] [Extension Host] Document /home/zkh/.config/hypr/conf/ml4w.conf not found in AST tracker
2025-12-10 17:55:58.131 [error] [Extension Host] Document /home/zkh/.config/hypr/conf/ml4w.conf not found in AST tracker
2025-12-10 17:55:58.263 [error] [Extension Host] Document /home/zkh/.config/hypr/conf/ml4w.conf not found in AST tracker
2025-12-10 17:55:58.264 [error] [Extension Host] Document /home/zkh/.config/hypr/conf/ml4w.conf not found in AST tracker
2025-12-10 17:55:58.314 [error] [Extension Host] Document /home/zkh/.config/hypr/conf/ml4w.conf not found in AST tracker
2025-12-10 17:55:58.364 [error] [Extension Host] Document /home/zkh/.config/hypr/conf/ml4w.conf not found in AST tracker
2025-12-10 17:55:58.364 [error] [Extension Host] Document /home/zkh/.config/hypr/conf/ml4w.conf not found in AST tracker
2025-12-10 17:55:58.446 [error] [Extension Host] Document /home/zkh/.config/hypr/conf/ml4w.conf not found in AST tracker
2025-12-10 17:55:58.447 [error] [Extension Host] Document /home/zkh/.config/hypr/conf/ml4w.conf not found in AST tracker
2025-12-10 17:55:58.497 [error] [Extension Host] Document /home/zkh/.config/hypr/conf/ml4w.conf not found in AST tracker
2025-12-10 17:55:58.497 [error] [Extension Host] Document /home/zkh/.config/hypr/conf/ml4w.conf not found in AST tracker
2025-12-10 17:55:58.613 [error] [Extension Host] Document /home/zkh/.config/hypr/conf/ml4w.conf not found in AST tracker
2025-12-10 17:55:58.613 [error] [Extension Host] Document /home/zkh/.config/hypr/conf/ml4w.conf not found in AST tracker
2025-12-10 17:55:58.696 [error] [Extension Host] Document /home/zkh/.config/hypr/conf/ml4w.conf not found in AST tracker
2025-12-10 17:55:58.747 [error] [Extension Host] Document /home/zkh/.config/hypr/conf/ml4w.conf not found in AST tracker
2025-12-10 17:55:58.748 [error] [Extension Host] Document /home/zkh/.config/hypr/conf/ml4w.conf not found in AST tracker
2025-12-10 17:56:00.098 [error] [Extension Host] Document /home/zkh/.config/hypr/conf/ml4w.conf not found in AST tracker
2025-12-10 17:56:07.553 [error] [Extension Host] Document /home/zkh/.config/hypr/conf/ml4w.conf not found in AST tracker
2025-12-10 17:56:09.653 [error] [Extension Host] Document /home/zkh/.config/hypr/conf/ml4w.conf not found in AST tracker
2025-12-10 17:56:09.819 [error] [Extension Host] Document /home/zkh/.config/hypr/conf/ml4w.conf not found in AST tracker
2025-12-10 17:56:09.974 [error] [Extension Host] Document /home/zkh/.config/hypr/conf/ml4w.conf not found in AST tracker
2025-12-10 17:56:13.273 [error] [Extension Host] Document /home/zkh/.config/hypr/conf/ml4w.conf not found in AST tracker
2025-12-10 17:56:13.400 [error] [Extension Host] Document /home/zkh/.config/hypr/conf/ml4w.conf not found in AST tracker
2025-12-10 17:56:13.465 [error] [Extension Host] Document /home/zkh/.config/hypr/conf/ml4w.conf not found in AST tracker
2025-12-10 17:56:13.466 [error] [Extension Host] Document /home/zkh/.config/hypr/conf/ml4w.conf not found in AST tracker
2025-12-10 17:56:13.515 [error] [Extension Host] Document /home/zkh/.config/hypr/conf/ml4w.conf not found in AST tracker
2025-12-10 17:56:13.515 [error] [Extension Host] Document /home/zkh/.config/hypr/conf/ml4w.conf not found in AST tracker
2025-12-10 17:56:13.582 [error] [Extension Host] Document /home/zkh/.config/hypr/conf/ml4w.conf not found in AST tracker
2025-12-10 17:56:13.583 [error] [Extension Host] Document /home/zkh/.config/hypr/conf/ml4w.conf not found in AST tracker
2025-12-10 17:56:13.632 [error] [Extension Host] Document /home/zkh/.config/hypr/conf/ml4w.conf not found in AST tracker
2025-12-10 17:56:13.632 [error] [Extension Host] Document /home/zkh/.config/hypr/conf/ml4w.conf not found in AST tracker
2025-12-10 17:56:13.682 [error] [Extension Host] Document /home/zkh/.config/hypr/conf/ml4w.conf not found in AST tracker
2025-12-10 17:56:13.682 [error] [Extension Host] Document /home/zkh/.config/hypr/conf/ml4w.conf not found in AST tracker
2025-12-10 17:56:13.732 [error] [Extension Host] Document /home/zkh/.config/hypr/conf/ml4w.conf not found in AST tracker
2025-12-10 17:56:13.732 [error] [Extension Host] Document /home/zkh/.config/hypr/conf/ml4w.conf not found in AST tracker
2025-12-10 17:56:13.798 [error] [Extension Host] Document /home/zkh/.config/hypr/conf/ml4w.conf not found in AST tracker
2025-12-10 17:56:13.798 [error] [Extension Host] Document /home/zkh/.config/hypr/conf/ml4w.conf not found in AST tracker
2025-12-10 17:56:13.881 [error] [Extension Host] Document /home/zkh/.config/hypr/conf/ml4w.conf not found in AST tracker
2025-12-10 17:56:13.881 [error] [Extension Host] Document /home/zkh/.config/hypr/conf/ml4w.conf not found in AST tracker
2025-12-10 17:56:13.998 [error] [Extension Host] Document /home/zkh/.config/hypr/conf/ml4w.conf not found in AST tracker
2025-12-10 17:56:13.998 [error] [Extension Host] Document /home/zkh/.config/hypr/conf/ml4w.conf not found in AST tracker
2025-12-10 17:56:14.132 [error] [Extension Host] Document /home/zkh/.config/hypr/conf/ml4w.conf not found in AST tracker
2025-12-10 17:56:14.231 [error] [Extension Host] Document /home/zkh/.config/hypr/conf/ml4w.conf not found in AST tracker
2025-12-10 17:56:14.231 [error] [Extension Host] Document /home/zkh/.config/hypr/conf/ml4w.conf not found in AST tracker
2025-12-10 17:56:14.399 [error] [Extension Host] Document /home/zkh/.config/hypr/conf/ml4w.conf not found in AST tracker
2025-12-10 17:56:14.932 [error] [Extension Host] Document /home/zkh/.config/hypr/conf/ml4w.conf not found in AST tracker
2025-12-10 17:56:24.799 [error] [Extension Host] Document /home/zkh/.config/hypr/conf/ml4w.conf not found in AST tracker
2025-12-10 17:56:26.602 [error] [Extension Host] Document /home/zkh/.config/hypr/conf/ml4w.conf not found in AST tracker
2025-12-10 17:56:26.774 [error] [Extension Host] Document /home/zkh/.config/hypr/conf/ml4w.conf not found in AST tracker
2025-12-10 17:56:26.914 [error] [Extension Host] Document /home/zkh/.config/hypr/conf/ml4w.conf not found in AST tracker
2025-12-10 17:56:33.149 [error] [Extension Host] Document /home/zkh/.config/hypr/conf/ml4w.conf not found in AST tracker
2025-12-10 17:56:33.394 [error] [Extension Host] Document /home/zkh/.config/hypr/conf/ml4w.conf not found in AST tracker
2025-12-10 17:56:33.607 [error] [Extension Host] Document /home/zkh/.config/hypr/conf/ml4w.conf not found in AST tracker
2025-12-10 17:56:38.133 [error] [Extension Host] Document /home/zkh/.config/hypr/conf/ml4w.conf not found in AST tracker
2025-12-10 17:56:38.417 [error] [Extension Host] Document /home/zkh/.config/hypr/conf/ml4w.conf not found in AST tracker
2025-12-10 17:56:38.666 [error] [Extension Host] Document /home/zkh/.config/hypr/conf/ml4w.conf not found in AST tracker
2025-12-10 17:56:38.667 [error] [Extension Host] Document /home/zkh/.config/hypr/conf/ml4w.conf not found in AST tracker
2025-12-10 17:56:39.050 [error] [Extension Host] Document /home/zkh/.config/hypr/conf/ml4w.conf not found in AST tracker
2025-12-10 17:56:44.746 [error] [Extension Host] Document /home/zkh/.config/hypr/conf/ml4w.conf not found in AST tracker
2025-12-10 17:56:44.939 [error] [Extension Host] Document /home/zkh/.config/hypr/conf/ml4w.conf not found in AST tracker
2025-12-10 17:56:45.240 [error] [Extension Host] Document /home/zkh/.config/hypr/conf/ml4w.conf not found in AST tracker
2025-12-10 17:56:55.134 [error] [Extension Host] Document /home/zkh/.config/hypr/conf/ml4w.conf not found in AST tracker
2025-12-10 17:56:55.325 [error] [Extension Host] Document /home/zkh/.config/hypr/conf/ml4w.conf not found in AST tracker
2025-12-10 17:56:55.501 [error] [Extension Host] Document /home/zkh/.config/hypr/conf/ml4w.conf not found in AST tracker
2025-12-10 17:56:55.610 [error] [Extension Host] Document /home/zkh/.config/hypr/conf/ml4w.conf not found in AST tracker
2025-12-10 17:56:55.768 [error] [Extension Host] Document /home/zkh/.config/hypr/conf/ml4w.conf not found in AST tracker
2025-12-10 17:56:55.909 [error] [Extension Host] Document /home/zkh/.config/hypr/conf/ml4w.conf not found in AST tracker
2025-12-10 17:57:00.979 [error] [Extension Host] Document /home/zkh/.config/hypr/conf/ml4w.conf not found in AST tracker
2025-12-10 17:57:01.303 [error] [Extension Host] Document /home/zkh/.config/hypr/conf/ml4w.conf not found in AST tracker
2025-12-10 17:57:01.589 [error] [Extension Host] Document /home/zkh/.config/hypr/conf/ml4w.conf not found in AST tracker
2025-12-10 17:57:01.767 [error] [Extension Host] Document /home/zkh/.config/hypr/conf/ml4w.conf not found in AST tracker
2025-12-10 17:57:01.932 [error] [Extension Host] Document /home/zkh/.config/hypr/conf/ml4w.conf not found in AST tracker
2025-12-10 17:57:02.353 [error] [Extension Host] Document /home/zkh/.config/hypr/conf/ml4w.conf not found in AST tracker
2025-12-10 17:57:02.568 [error] [Extension Host] Document /home/zkh/.config/hypr/conf/ml4w.conf not found in AST tracker
2025-12-10 17:57:05.701 [error] [Extension Host] Document /home/zkh/.config/hypr/conf/ml4w.conf not found in AST tracker
2025-12-10 17:57:05.947 [error] [Extension Host] Document /home/zkh/.config/hypr/conf/ml4w.conf not found in AST tracker
2025-12-10 17:57:12.707 [error] [Extension Host] Document /home/zkh/.config/hypr/conf/ml4w.conf not found in AST tracker
2025-12-10 17:57:13.002 [error] [Extension Host] Document /home/zkh/.config/hypr/conf/ml4w.conf not found in AST tracker
2025-12-10 17:57:13.051 [error] [Extension Host] Document /home/zkh/.config/hypr/conf/ml4w.conf not found in AST tracker
2025-12-10 17:57:13.201 [error] [Extension Host] Document /home/zkh/.config/hypr/conf/ml4w.conf not found in AST tracker
2025-12-10 17:57:13.201 [error] [Extension Host] Document /home/zkh/.config/hypr/conf/ml4w.conf not found in AST tracker
2025-12-10 17:57:13.253 [error] [Extension Host] Document /home/zkh/.config/hypr/conf/ml4w.conf not found in AST tracker
2025-12-10 17:57:13.253 [error] [Extension Host] Document /home/zkh/.config/hypr/conf/ml4w.conf not found in AST tracker
2025-12-10 17:57:13.301 [error] [Extension Host] Document /home/zkh/.config/hypr/conf/ml4w.conf not found in AST tracker
2025-12-10 17:57:13.301 [error] [Extension Host] Document /home/zkh/.config/hypr/conf/ml4w.conf not found in AST tracker
2025-12-10 17:57:13.402 [error] [Extension Host] Document /home/zkh/.config/hypr/conf/ml4w.conf not found in AST tracker
2025-12-10 17:57:13.468 [error] [Extension Host] Document /home/zkh/.config/hypr/conf/ml4w.conf not found in AST tracker
2025-12-10 17:57:13.468 [error] [Extension Host] Document /home/zkh/.config/hypr/conf/ml4w.conf not found in AST tracker
2025-12-10 17:57:13.518 [error] [Extension Host] Document /home/zkh/.config/hypr/conf/ml4w.conf not found in AST tracker
2025-12-10 17:57:13.519 [error] [Extension Host] Document /home/zkh/.config/hypr/conf/ml4w.conf not found in AST tracker
2025-12-10 17:57:13.635 [error] [Extension Host] Document /home/zkh/.config/hypr/conf/ml4w.conf not found in AST tracker
2025-12-10 17:57:13.635 [error] [Extension Host] Document /home/zkh/.config/hypr/conf/ml4w.conf not found in AST tracker
2025-12-10 17:57:13.719 [error] [Extension Host] Document /home/zkh/.config/hypr/conf/ml4w.conf not found in AST tracker
2025-12-10 17:57:13.818 [error] [Extension Host] Document /home/zkh/.config/hypr/conf/ml4w.conf not found in AST tracker
2025-12-10 17:57:13.968 [error] [Extension Host] Document /home/zkh/.config/hypr/conf/ml4w.conf not found in AST tracker
2025-12-10 17:57:14.036 [error] [Extension Host] Document /home/zkh/.config/hypr/conf/ml4w.conf not found in AST tracker
2025-12-10 17:57:14.036 [error] [Extension Host] Document /home/zkh/.config/hypr/conf/ml4w.conf not found in AST tracker
2025-12-10 17:57:22.943 [error] [Extension Host] Document /home/zkh/.config/hypr/conf/ml4w.conf not found in AST tracker
2025-12-10 17:57:24.856 [error] [Extension Host] Document /home/zkh/.config/hypr/conf/ml4w.conf not found in AST tracker
2025-12-10 17:57:25.457 [error] [Extension Host] Document /home/zkh/.config/hypr/conf/ml4w.conf not found in AST tracker
2025-12-10 17:57:25.551 [error] [Extension Host] Document /home/zkh/.config/hypr/conf/ml4w.conf not found in AST tracker
2025-12-10 17:57:25.552 [error] [Extension Host] Document /home/zkh/.config/hypr/conf/ml4w.conf not found in AST tracker
2025-12-10 17:57:25.813 [error] [Extension Host] Document /home/zkh/.config/hypr/conf/ml4w.conf not found in AST tracker
2025-12-10 17:57:25.814 [error] [Extension Host] Document /home/zkh/.config/hypr/conf/ml4w.conf not found in AST tracker
2025-12-10 17:57:25.973 [error] [Extension Host] Document /home/zkh/.config/hypr/conf/ml4w.conf not found in AST tracker
2025-12-10 17:57:26.134 [error] [Extension Host] Document /home/zkh/.config/hypr/conf/ml4w.conf not found in AST tracker
2025-12-10 17:57:26.298 [error] [Extension Host] Document /home/zkh/.config/hypr/conf/ml4w.conf not found in AST tracker
2025-12-10 17:57:26.688 [error] [Extension Host] Document /home/zkh/.config/hypr/conf/ml4w.conf not found in AST tracker
2025-12-10 17:57:27.273 [error] [Extension Host] Document /home/zkh/.config/hypr/conf/ml4w.conf not found in AST tracker
2025-12-10 17:57:32.512 [error] [Extension Host] Document /home/zkh/.config/hypr/conf/ml4w.conf not found in AST tracker
2025-12-10 17:57:32.720 [error] [Extension Host] Document /home/zkh/.config/hypr/conf/ml4w.conf not found in AST tracker
2025-12-10 17:57:32.853 [error] [Extension Host] Document /home/zkh/.config/hypr/conf/ml4w.conf not found in AST tracker
2025-12-10 17:57:32.853 [error] [Extension Host] Document /home/zkh/.config/hypr/conf/ml4w.conf not found in AST tracker
2025-12-10 17:57:32.919 [error] [Extension Host] Document /home/zkh/.config/hypr/conf/ml4w.conf not found in AST tracker
2025-12-10 17:57:32.920 [error] [Extension Host] Document /home/zkh/.config/hypr/conf/ml4w.conf not found in AST tracker
2025-12-10 17:57:33.120 [error] [Extension Host] Document /home/zkh/.config/hypr/conf/ml4w.conf not found in AST tracker
2025-12-10 17:57:33.237 [error] [Extension Host] Document /home/zkh/.config/hypr/conf/ml4w.conf not found in AST tracker
2025-12-10 17:57:33.336 [error] [Extension Host] Document /home/zkh/.config/hypr/conf/ml4w.conf not found in AST tracker
2025-12-10 17:57:33.620 [error] [Extension Host] Document /home/zkh/.config/hypr/conf/ml4w.conf not found in AST tracker
2025-12-10 17:57:34.719 [error] [Extension Host] Document /home/zkh/.config/hypr/conf/ml4w.conf not found in AST tracker
2025-12-10 17:57:48.270 [error] [Extension Host] Document /home/zkh/.config/hypr/conf/ml4w.conf not found in AST tracker
2025-12-10 17:57:49.912 [error] [Extension Host] Document /home/zkh/.config/hypr/conf/ml4w.conf not found in AST tracker
2025-12-10 17:57:50.103 [error] [Extension Host] Document /home/zkh/.config/hypr/conf/ml4w.conf not found in AST tracker
2025-12-10 17:57:50.256 [error] [Extension Host] Document /home/zkh/.config/hypr/conf/ml4w.conf not found in AST tracker
2025-12-10 17:57:50.402 [error] [Extension Host] Document /home/zkh/.config/hypr/conf/ml4w.conf not found in AST tracker
2025-12-10 17:57:50.516 [error] [Extension Host] Document /home/zkh/.config/hypr/conf/ml4w.conf not found in AST tracker
2025-12-10 17:57:50.660 [error] [Extension Host] Document /home/zkh/.config/hypr/conf/ml4w.conf not found in AST tracker
2025-12-10 17:57:50.828 [error] [Extension Host] Document /home/zkh/.config/hypr/conf/ml4w.conf not found in AST tracker
2025-12-10 17:57:51.106 [error] [Extension Host] Document /home/zkh/.config/hypr/conf/ml4w.conf not found in AST tracker
2025-12-10 17:57:51.381 [error] [Extension Host] Document /home/zkh/.config/hypr/conf/ml4w.conf not found in AST tracker
2025-12-10 17:57:51.593 [error] [Extension Host] Document /home/zkh/.config/hypr/conf/ml4w.conf not found in AST tracker
2025-12-10 17:58:10.254 [error] [Extension Host] Document /home/zkh/.config/hypr/conf/ml4w.conf not found in AST tracker
2025-12-10 17:58:10.561 [error] [Extension Host] Document /home/zkh/.config/hypr/conf/ml4w.conf not found in AST tracker
2025-12-10 17:58:10.791 [error] [Extension Host] Document /home/zkh/.config/hypr/conf/ml4w.conf not found in AST tracker
2025-12-10 17:58:21.045 [error] [Extension Host] Document /home/zkh/.config/hypr/conf/ml4w.conf not found in AST tracker
2025-12-10 17:58:21.349 [error] [Extension Host] Document /home/zkh/.config/hypr/conf/ml4w.conf not found in AST tracker
2025-12-10 17:58:21.723 [error] [Extension Host] Document /home/zkh/.config/hypr/conf/ml4w.conf not found in AST tracker
2025-12-10 17:58:21.914 [error] [Extension Host] Document /home/zkh/.config/hypr/conf/ml4w.conf not found in AST tracker
2025-12-10 17:58:22.178 [error] [Extension Host] Document /home/zkh/.config/hypr/conf/ml4w.conf not found in AST tracker
2025-12-10 17:58:22.406 [error] [Extension Host] Document /home/zkh/.config/hypr/conf/ml4w.conf not found in AST tracker
2025-12-10 17:58:22.608 [error] [Extension Host] Document /home/zkh/.config/hypr/conf/ml4w.conf not found in AST tracker
2025-12-10 17:58:28.172 [error] [Extension Host] Document /home/zkh/.config/hypr/conf/ml4w.conf not found in AST tracker
2025-12-10 17:58:31.588 [error] [Extension Host] Document /home/zkh/.config/hypr/conf/ml4w.conf not found in AST tracker
2025-12-10 17:58:32.223 [error] [Extension Host] Document /home/zkh/.config/hypr/conf/ml4w.conf not found in AST tracker
2025-12-10 17:58:32.273 [error] [Extension Host] Document /home/zkh/.config/hypr/conf/ml4w.conf not found in AST tracker
2025-12-10 17:58:32.273 [error] [Extension Host] Document /home/zkh/.config/hypr/conf/ml4w.conf not found in AST tracker
2025-12-10 17:58:32.389 [error] [Extension Host] Document /home/zkh/.config/hypr/conf/ml4w.conf not found in AST tracker
2025-12-10 17:58:32.389 [error] [Extension Host] Document /home/zkh/.config/hypr/conf/ml4w.conf not found in AST tracker
2025-12-10 17:58:32.440 [error] [Extension Host] Document /home/zkh/.config/hypr/conf/ml4w.conf not found in AST tracker
2025-12-10 17:58:32.440 [error] [Extension Host] Document /home/zkh/.config/hypr/conf/ml4w.conf not found in AST tracker
2025-12-10 17:58:32.539 [error] [Extension Host] Document /home/zkh/.config/hypr/conf/ml4w.conf not found in AST tracker
2025-12-10 17:58:32.539 [error] [Extension Host] Document /home/zkh/.config/hypr/conf/ml4w.conf not found in AST tracker
2025-12-10 17:58:32.589 [error] [Extension Host] Document /home/zkh/.config/hypr/conf/ml4w.conf not found in AST tracker
2025-12-10 17:58:32.589 [error] [Extension Host] Document /home/zkh/.config/hypr/conf/ml4w.conf not found in AST tracker
2025-12-10 17:58:32.639 [error] [Extension Host] Document /home/zkh/.config/hypr/conf/ml4w.conf not found in AST tracker
2025-12-10 17:58:32.639 [error] [Extension Host] Document /home/zkh/.config/hypr/conf/ml4w.conf not found in AST tracker
2025-12-10 17:58:32.755 [error] [Extension Host] Document /home/zkh/.config/hypr/conf/ml4w.conf not found in AST tracker
2025-12-10 17:58:32.756 [error] [Extension Host] Document /home/zkh/.config/hypr/conf/ml4w.conf not found in AST tracker
2025-12-10 17:58:32.806 [error] [Extension Host] Document /home/zkh/.config/hypr/conf/ml4w.conf not found in AST tracker
2025-12-10 17:58:32.806 [error] [Extension Host] Document /home/zkh/.config/hypr/conf/ml4w.conf not found in AST tracker
2025-12-10 17:58:33.190 [error] [Extension Host] Document /home/zkh/.config/hypr/conf/ml4w.conf not found in AST tracker
2025-12-10 17:58:33.190 [error] [Extension Host] Document /home/zkh/.config/hypr/conf/ml4w.conf not found in AST tracker
2025-12-10 17:58:34.107 [error] [Extension Host] Document /home/zkh/.config/hypr/conf/ml4w.conf not found in AST tracker
2025-12-10 17:58:43.659 [error] [Extension Host] Document /home/zkh/.config/hypr/conf/ml4w.conf not found in AST tracker
2025-12-10 17:58:48.849 [error] [Extension Host] Document /home/zkh/.config/hypr/conf/ml4w.conf not found in AST tracker
2025-12-10 17:58:49.017 [error] [Extension Host] Document /home/zkh/.config/hypr/conf/ml4w.conf not found in AST tracker
2025-12-10 17:58:49.207 [error] [Extension Host] Document /home/zkh/.config/hypr/conf/ml4w.conf not found in AST tracker
2025-12-10 17:58:49.363 [error] [Extension Host] Document /home/zkh/.config/hypr/conf/ml4w.conf not found in AST tracker
2025-12-10 17:58:49.509 [error] [Extension Host] Document /home/zkh/.config/hypr/conf/ml4w.conf not found in AST tracker
2025-12-10 17:58:49.637 [error] [Extension Host] Document /home/zkh/.config/hypr/conf/ml4w.conf not found in AST tracker
2025-12-10 17:58:49.773 [error] [Extension Host] Document /home/zkh/.config/hypr/conf/ml4w.conf not found in AST tracker
2025-12-10 17:58:50.145 [error] [Extension Host] Document /home/zkh/.config/hypr/conf/ml4w.conf not found in AST tracker
2025-12-10 17:58:57.190 [error] [Extension Host] Document /home/zkh/.config/hypr/conf/ml4w.conf not found in AST tracker
2025-12-10 17:58:57.337 [error] [Extension Host] Document /home/zkh/.config/hypr/conf/ml4w.conf not found in AST tracker
2025-12-10 17:58:57.736 [error] [Extension Host] Document /home/zkh/.config/hypr/conf/ml4w.conf not found in AST tracker
2025-12-10 17:58:58.012 [error] [Extension Host] Document /home/zkh/.config/hypr/conf/ml4w.conf not found in AST tracker
2025-12-10 17:59:02.557 [error] [Extension Host] Document /home/zkh/.config/hypr/conf/ml4w.conf not found in AST tracker
2025-12-10 17:59:02.851 [error] [Extension Host] Document /home/zkh/.config/hypr/conf/ml4w.conf not found in AST tracker
2025-12-10 18:00:38.301 [error] [Extension Host] Document /home/zkh/.config/hypr/conf/ml4w.conf not found in AST tracker
2025-12-10 18:00:38.710 [error] [Extension Host] Document /home/zkh/.config/hypr/conf/ml4w.conf not found in AST tracker
2025-12-10 18:00:39.186 [error] [Extension Host] Document /home/zkh/.config/hypr/conf/ml4w.conf not found in AST tracker
2025-12-10 18:00:39.476 [error] [Extension Host] Document /home/zkh/.config/hypr/conf/ml4w.conf not found in AST tracker
2025-12-10 18:00:40.618 [error] [Extension Host] Document /home/zkh/.config/hypr/conf/ml4w.conf not found in AST tracker
2025-12-10 18:00:40.970 [error] [Extension Host] Document /home/zkh/.config/hypr/conf/ml4w.conf not found in AST tracker
2025-12-10 18:00:42.614 [error] [Extension Host] Document /home/zkh/.config/hypr/conf/ml4w.conf not found in AST tracker
2025-12-10 18:00:42.947 [error] [Extension Host] Document /home/zkh/.config/hypr/conf/ml4w.conf not found in AST tracker
2025-12-10 18:00:44.515 [error] [Extension Host] Document /home/zkh/.config/hypr/conf/ml4w.conf not found in AST tracker
2025-12-10 18:00:44.796 [error] [Extension Host] Document /home/zkh/.config/hypr/conf/ml4w.conf not found in AST tracker
2025-12-10 18:00:45.145 [error] [Extension Host] Document /home/zkh/.config/hypr/conf/ml4w.conf not found in AST tracker
2025-12-10 18:00:53.383 [error] [Extension Host] Document /home/zkh/.config/hypr/conf/ml4w.conf not found in AST tracker
2025-12-10 18:01:16.962 [error] [Extension Host] Document /home/zkh/.config/hypr/conf/ml4w.conf not found in AST tracker
