The selected window backend is x11 
Mono path[0] = '/home/zkh/.local/share/Steam/steamapps/common/Vampire Survivors/VampireSurvivors_Data/Managed'
Mono config path = '/home/zkh/.local/share/Steam/steamapps/common/Vampire Survivors/VampireSurvivors_Data/MonoBleedingEdge/etc'
Input System module state changed to: Initialized.
Display 0 'DP-1 27"': 1920x1080 (primary device).
[Physics::Module] Initialized fallback backend.
[Physics::Module] Id: 0xdecafbad
Desktop is 1920 x 1080 @ 60 Hz
Initialize engine version: 6000.0.61f1 (74a0adb02c31)
[Subsystems] Discovering subsystems at path /home/zkh/.local/share/Steam/steamapps/common/Vampire Survivors/VampireSurvivors_Data/UnitySubsystems
kGfxThreadingModeClientWorkerNativeJobs is not supported on OpenGL Core. Reverting to kGfxThreadingModeClientWorkerJobs instead.
GfxDevice: creating device client; kGfxThreadingModeClientWorkerJobs
Renderer: AMD Radeon RX 7900 XTX (radeonsi, navi31, LLVM 21.1.6, DRM 3.64, 6.17.9-arch1-1)
Vendor:   AMD
Version:  4.6 (Core Profile) Mesa 25.3.1-arch1.2
GLES:     0
 GL_AMD_conservative_depth GL_AMD_depth_clamp_separate GL_AMD_draw_buffers_blend GL_AMD_gpu_shader_int64 GL_AMD_multi_draw_indirect GL_AMD_pinned_memory GL_AMD_query_buffer_object GL_AMD_seamless_cubemap_per_texture GL_AMD_shader_stencil_export GL_AMD_shader_trinary_minmax GL_AMD_texture_texture4 GL_AMD_vertex_shader_layer GL_AMD_vertex_shader_viewport_index GL_ANGLE_texture_compression_dxt3 GL_ANGLE_texture_compression_dxt5 GL_ARB_ES2_compatibility GL_ARB_ES3_1_compatibility GL_ARB_ES3_2_compatibility GL_ARB_ES3_compatibility GL_ARB_arrays_of_arrays GL_ARB_base_instance GL_ARB_bindless_texture GL_ARB_blend_func_extended GL_ARB_buffer_storage GL_ARB_clear_buffer_object GL_ARB_clear_texture GL_ARB_clip_control GL_ARB_color_buffer_float GL_ARB_compressed_texture_pixel_storage GL_ARB_compute_shader GL_ARB_compute_variable_group_size GL_ARB_conditional_render_inverted GL_ARB_conservative_depth GL_ARB_copy_buffer GL_ARB_copy_image GL_ARB_cull_distance GL_ARB_debug_output GL_ARB_depth_buffer_float GL_ARB_depth_cla
mp GL_ARB_derivative_control GL_ARB_direct_state_access GL_ARB_draw_buffers GL_ARB_draw_buffers_blend GL_ARB_draw_elements_base_vertex GL_ARB_draw_indirect GL_ARB_draw_instanced GL_ARB_enhanced_layouts GL_ARB_explicit_attrib_location GL_ARB_explicit_uniform_location GL_ARB_fragment_coord_conventions GL_ARB_fragment_layer_viewport GL_ARB_fragment_shader GL_ARB_framebuffer_no_attachments GL_ARB_framebuffer_object GL_ARB_framebuffer_sRGB GL_ARB_get_program_binary GL_ARB_get_texture_sub_image GL_ARB_gl_spirv GL_ARB_gpu_shader5 GL_ARB_gpu_shader_fp64 GL_ARB_gpu_shader_int64 GL_ARB_half_float_pixel GL_ARB_half_float_vertex GL_ARB_indirect_parameters GL_ARB_instanced_arrays GL_ARB_internalformat_query GL_ARB_internalformat_query2 GL_ARB_invalidate_subdata GL_ARB_map_buffer_alignment GL_ARB_map_buffer_range GL_ARB_multi_bind GL_ARB_multi_draw_indirect GL_ARB_occlusion_query2 GL_ARB_parallel_shader_compile GL_ARB_pipeline_statistics_query GL_ARB_pixel_buffer_object GL_ARB_point_sprite GL_ARB_polygon_offset_clamp GL_A
RB_post_depth_coverage GL_ARB_program_interface_query GL_ARB_provoking_vertex GL_ARB_query_buffer_object GL_ARB_robust_buffer_access_behavior GL_ARB_robustness GL_ARB_sample_shading GL_ARB_sampler_objects GL_ARB_seamless_cube_map GL_ARB_seamless_cubemap_per_texture GL_ARB_separate_shader_objects GL_ARB_shader_atomic_counter_ops GL_ARB_shader_atomic_counters GL_ARB_shader_ballot GL_ARB_shader_bit_encoding GL_ARB_shader_clock GL_ARB_shader_draw_parameters GL_ARB_shader_group_vote GL_ARB_shader_image_load_store GL_ARB_shader_image_size GL_ARB_shader_objects GL_ARB_shader_precision GL_ARB_shader_stencil_export GL_ARB_shader_storage_buffer_object GL_ARB_shader_subroutine GL_ARB_shader_texture_image_samples GL_ARB_shader_texture_lod GL_ARB_shader_viewport_layer_array GL_ARB_shading_language_420pack GL_ARB_shading_language_include GL_ARB_shading_language_packing GL_ARB_sparse_buffer GL_ARB_sparse_texture GL_ARB_sparse_texture2 GL_ARB_sparse_texture_clamp GL_ARB_spirv_extensions GL_ARB_stencil_texturing GL_ARB_sync 
GL_ARB_tessellation_shader GL_ARB_texture_barrier GL_ARB_texture_border_clamp GL_ARB_texture_buffer_object GL_ARB_texture_buffer_object_rgb32 GL_ARB_texture_buffer_range GL_ARB_texture_compression_bptc GL_ARB_texture_compression_rgtc GL_ARB_texture_cube_map_array GL_ARB_texture_filter_anisotropic GL_ARB_texture_filter_minmax GL_ARB_texture_float GL_ARB_texture_gather GL_ARB_texture_mirror_clamp_to_edge GL_ARB_texture_multisample GL_ARB_texture_non_power_of_two GL_ARB_texture_query_levels GL_ARB_texture_query_lod GL_ARB_texture_rectangle GL_ARB_texture_rg GL_ARB_texture_rgb10_a2ui GL_ARB_texture_stencil8 GL_ARB_texture_storage GL_ARB_texture_storage_multisample GL_ARB_texture_swizzle GL_ARB_texture_view GL_ARB_timer_query GL_ARB_transform_feedback2 GL_ARB_transform_feedback3 GL_ARB_transform_feedback_instanced GL_ARB_transform_feedback_overflow_query GL_ARB_uniform_buffer_object GL_ARB_vertex_array_bgra GL_ARB_vertex_array_object GL_ARB_vertex_attrib_64bit GL_ARB_vertex_attrib_binding GL_ARB_vertex_buffer_obj
ect GL_ARB_vertex_shader GL_ARB_vertex_type_10f_11f_11f_rev GL_ARB_vertex_type_2_10_10_10_rev GL_ARB_viewport_array GL_ATI_blend_equation_separate GL_ATI_meminfo GL_ATI_texture_float GL_ATI_texture_mirror_once GL_EXT_EGL_image_storage GL_EXT_EGL_image_storage_compression GL_EXT_EGL_sync GL_EXT_abgr GL_EXT_blend_equation_separate GL_EXT_debug_label GL_EXT_demote_to_helper_invocation GL_EXT_depth_bounds_test GL_EXT_draw_buffers2 GL_EXT_draw_instanced GL_EXT_framebuffer_blit GL_EXT_framebuffer_multisample GL_EXT_framebuffer_multisample_blit_scaled GL_EXT_framebuffer_object GL_EXT_framebuffer_sRGB GL_EXT_memory_object GL_EXT_memory_object_fd GL_EXT_packed_depth_stencil GL_EXT_packed_float GL_EXT_pixel_buffer_object GL_EXT_polygon_offset_clamp GL_EXT_provoking_vertex GL_EXT_semaphore GL_EXT_semaphore_fd GL_EXT_shader_clock GL_EXT_shader_image_load_formatted GL_EXT_shader_image_load_store GL_EXT_shader_integer_mix GL_EXT_texture_array GL_EXT_texture_compression_dxt1 GL_EXT_texture_compression_rgtc GL_EXT_texture_c
ompression_s3tc GL_EXT_texture_filter_anisotropic GL_EXT_texture_filter_minmax GL_EXT_texture_integer GL_EXT_texture_mirror_clamp GL_EXT_texture_sRGB GL_EXT_texture_sRGB_R8 GL_EXT_texture_sRGB_RG8 GL_EXT_texture_sRGB_decode GL_EXT_texture_shadow_lod GL_EXT_texture_shared_exponent GL_EXT_texture_snorm GL_EXT_texture_storage GL_EXT_texture_swizzle GL_EXT_timer_query GL_EXT_transform_feedback GL_EXT_vertex_array_bgra GL_EXT_vertex_attrib_64bit GL_EXT_window_rectangles GL_IBM_multimode_draw_arrays GL_INTEL_blackhole_render GL_KHR_blend_equation_advanced GL_KHR_context_flush_control GL_KHR_debug GL_KHR_no_error GL_KHR_parallel_shader_compile GL_KHR_robust_buffer_access_behavior GL_KHR_robustness GL_KHR_shader_subgroup GL_KHR_texture_compression_astc_ldr GL_KHR_texture_compression_astc_sliced_3d GL_MESA_framebuffer_flip_y GL_MESA_pack_invert GL_MESA_shader_integer_functions GL_MESA_texture_const_bandwidth GL_MESA_texture_signed_rgba GL_NVX_gpu_memory_info GL_NV_alpha_to_coverage_dither_control GL_NV_compute_shader
_derivatives GL_NV_conditional_render GL_NV_copy_image GL_NV_depth_clamp GL_NV_packed_depth_stencil GL_NV_shader_atomic_int64 GL_NV_texture_barrier GL_OES_EGL_image GL_S3_s3tc
OPENGL LOG: Creating OpenGL 4.6 graphics device ; Context level  <OpenGL 4.5> ; Context handle 744861744
Begin MonoManager ReloadAssembly
- Loaded All Assemblies, in  0.117 seconds
- Finished resetting the current domain, in  0.002 seconds
[Physics::Module] Selected backend.
[Physics::Module] Name: PhysX
[Physics::Module] Id: 0xf2b8ea05
[Physics::Module] SDK Version: 4.1.2
[Physics::Module] Integration Version: 1.0.0
[Physics::Module] Threading Mode: Multi-Threaded
18:28:54.486 (coherence) Log: Selected LogLevel includes trace logs, but no trace logs will be printed because scripting define is missing. Please add COHERENCE_LOG_TRACE to your scripting define symbols. 	logId=MissingTraceDefine
18:28:54.512 (coherence) Log: Selected LogLevel includes debug logs, but no debug logs will be printed because scripting define is missing. Please add COHERENCE_LOG_DEBUG to your scripting define symbols. 	logId=MissingDebugDefine
The referenced script (Unknown) on this Behaviour is missing!
The referenced script on this Behaviour (Game Object 'GameDebugInputManager') is missing!
Default vsync count 0
requesting resize 1920 x 1080
Using native desktop resolution 1920 x 1080
requesting fullscreen 1920 x 1080 at 0/1 Hz
Desktop is 1920 x 1080 @ 60 Hz
UnloadTime: 0.256800 ms
Odin Serializer ArchitectureInfo initialization with defaults (all unaligned read/writes disabled).
Odin Serializer detected whitelisted runtime platform LinuxPlayer and memory read test succeeded; enabling all unaligned memory read/writes.
18:28:55.845 (coherence) CoherenceBridge: RSL is enabled, forcing UDPOnly transport type  context=coherence Bridge (Coherence.Toolkit.CoherenceBridge)	originalTransport=UDPWithTCPFallback context=coherence Bridge (Coherence.Toolkit.CoherenceBridge)
[S_API] SteamAPI_Init(): Loaded '/home/zkh/.local/share/Steam/linux64/steamclient.so' OK.
Setting breakpad minidump AppID = 1794680
SteamInternal_SetMinidumpSteamID:  Caching Steam ID:  76561198031942848 [API loaded no]
[VERSION_INFO][GAME] :: Vampire Survivors - 1.14.109
DontDestroyOnLoad only works for root GameObjects or components on root GameObjects.
requesting resize 1920 x 1080
Using native desktop resolution 1920 x 1080
requesting fullscreen 1920 x 1080 at 0/1 Hz
Desktop is 1920 x 1080 @ 60 Hz
[VERSION_INFO][DLC] :: Moonspell - 1.0.198
[VERSION_INFO][DLC] :: Foscari - 1.0.185
[VERSION_INFO][DLC] :: Chalcedony - 1.0.160
[SaveParser] -> Could not find parser for: RunCoins. Please add it to DefaultSaveData, SaveParser and SaveSerializer
[SaveParser] -> Could not find parser for: RunEnemies. Please add it to DefaultSaveData, SaveParser and SaveSerializer
[SaveParser] -> Could not find parser for: RunBosses. Please add it to DefaultSaveData, SaveParser and SaveSerializer
[SaveParser] -> Could not find parser for: RunPickups. Please add it to DefaultSaveData, SaveParser and SaveSerializer
[SaveParser] -> Could not find parser for: RunPickups_Coins. Please add it to DefaultSaveData, SaveParser and SaveSerializer
[SaveParser] -> Could not find parser for: RunHunger. Please add it to DefaultSaveData, SaveParser and SaveSerializer
***ADVENTURES*** If you are in adventure mode please make sure this method has been updated to support the correct config assignment!
[SpriteLoader] :: LoadAssetAsync result was null for texture: character_batsbatsbats
[SpriteLoader] :: LoadAssetAsync result was null for texture: character_batsbatsbats
[SpriteLoader] :: LoadAssetAsync result was null for texture: character_batsbatsbats
[SpriteLoader] :: LoadAssetAsync result was null for texture: character_spacedette
[SpriteLoader] :: LoadAssetAsync result was null for texture: character_gyoruntin
[SpriteLoader] :: LoadAssetAsync result was null for texture: character_spacedette
[SpriteLoader] :: No resource location results for texture: enemies
[SpriteLoader] :: LoadAssetAsync result was null for texture: character_followers
[SpriteLoader] :: LoadAssetAsync result was null for texture: character_menya
[SpriteLoader] :: LoadAssetAsync result was null for texture: character_syuuto
[SpriteLoader] :: LoadAssetAsync result was null for texture: character_victor
[SpriteLoader] :: LoadAssetAsync result was null for texture: character_c01impostor
The referenced script (VampireSurvivors.Input.MenuDebugInputManager) on this Behaviour is missing!
The referenced script on this Behaviour (Game Object 'SceneContext') is missing!
[Steamworks.NET] - SteamUserStats.GetAchievement failed for Achievement CHAL01_FindCoffin with SteamID CHAL01_FindCoffin
Is it registered in the Steam Partner site?
[Steamworks.NET] - SteamUserStats.GetAchievement failed for Achievement CHAL02_Survive15Red with SteamID CHAL02_Survive15Red
Is it registered in the Steam Partner site?
[Steamworks.NET] - SteamUserStats.GetAchievement failed for Achievement CHAL03_EvolveReport with SteamID CHAL03_EvolveReport
Is it registered in the Steam Partner site?
[Steamworks.NET] - SteamUserStats.GetAchievement failed for Achievement CHAL04_Survive15Purple with SteamID CHAL04_Survive15Purple
Is it registered in the Steam Partner site?
[Steamworks.NET] - SteamUserStats.GetAchievement failed for Achievement CHAL05_EvolveTongue with SteamID CHAL05_EvolveTongue
Is it registered in the Steam Partner site?
[Steamworks.NET] - SteamUserStats.GetAchievement failed for Achievement CHAL06_Survive15Orange with SteamID CHAL06_Survive15Orange
Is it registered in the Steam Partner site?
[Steamworks.NET] - SteamUserStats.GetAchievement failed for Achievement CHAL07_EvolveSwipe with SteamID CHAL07_EvolveSwipe
Is it registered in the Steam Partner site?
[Steamworks.NET] - SteamUserStats.GetAchievement failed for Achievement CHAL08_ReachLv50Pink with SteamID CHAL08_ReachLv50Pink
Is it registered in the Steam Partner site?
[Steamworks.NET] - SteamUserStats.GetAchievement failed for Achievement CHAL09_EvolveSamples with SteamID CHAL09_EvolveSamples
Is it registered in the Steam Partner site?
[Steamworks.NET] - SteamUserStats.GetAchievement failed for Achievement CHAL10_Survive15Green with SteamID CHAL10_Survive15Green
Is it registered in the Steam Partner site?
[Steamworks.NET] - SteamUserStats.GetAchievement failed for Achievement CHAL11_EvolveVent with SteamID CHAL11_EvolveVent
Is it registered in the Steam Partner site?
[Steamworks.NET] - SteamUserStats.GetAchievement failed for Achievement CHAL12_GetMedicalToLevel7 with SteamID CHAL12_GetMedicalToLevel7
Is it registered in the Steam Partner site?
[Steamworks.NET] - SteamUserStats.GetAchievement failed for Achievement CHAL13_EvolveMedical with SteamID CHAL13_EvolveMedical
Is it registered in the Steam Partner site?
[Steamworks.NET] - SteamUserStats.GetAchievement failed for Achievement CHAL14_KillOneWithYellow with SteamID CHAL14_KillOneWithYellow
Is it registered in the Steam Partner site?
[Steamworks.NET] - SteamUserStats.GetAchievement failed for Achievement CHAL15_ReachLv50Blue with SteamID CHAL15_ReachLv50Blue
Is it registered in the Steam Partner site?
[Steamworks.NET] - SteamUserStats.GetAchievement failed for Achievement CHAL16_EvolveGarbage with SteamID CHAL16_EvolveGarbage
Is it registered in the Steam Partner site?
[Steamworks.NET] - SteamUserStats.GetAchievement failed for Achievement CHAL17_Defeat6000Cute with SteamID CHAL17_Defeat6000Cute
Is it registered in the Steam Partner site?
[Steamworks.NET] - SteamUserStats.GetAchievement failed for Achievement CHAL18_Defeat100kPurple with SteamID CHAL18_Defeat100kPurple
Is it registered in the Steam Partner site?
[Steamworks.NET] - SteamUserStats.GetAchievement failed for Achievement CHAL19_DefeatBoss25 with SteamID CHAL19_DefeatBoss25
Is it registered in the Steam Partner site?
[Steamworks.NET] - SteamUserStats.GetAchievement failed for Achievement CHAL20_FindMap with SteamID CHAL20_FindMap
Is it registered in the Steam Partner site?
There can be only one active Event System.
Unloading 6 Unused Serialized files (Serialized files now loaded: 101)
Unloading 2214 unused Assets to reduce memory usage. Loaded Objects now: 61449.
Total: 91.908752 ms (FindLiveObjects: 3.987929 ms CreateObjectMapping: 1.972239 ms MarkObjects: 84.941164 ms  DeleteObjects: 1.006920 ms)

Cannot Prepare a disabled VideoPlayer
Cannot Prepare a disabled VideoPlayer
Cannot Prepare a disabled VideoPlayer
Parent of RectTransform is being set with parent property. Consider using the SetParent method instead, with the worldPositionStays argument set to false. This will retain local orientation and scale rather than world orientation and scale, which can prevent common UI scaling issues.
Attempting to get `time` on an audio source that has a resource that is not a clip will always return 0.
The referenced script (VampireSurvivors.Input.GameDebugInputManager) on this Behaviour is missing!
The referenced script on this Behaviour (Game Object 'GameDebugInputManager') is missing!
Unloading 6 Unused Serialized files (Serialized files now loaded: 16)
Fired signal 'UISignals.ResetBackButtonNavigation' but no subscriptions found!  If this is intentional then either add OptionalSubscriber() to the binding or change the default in ZenjectSettings
UnloadTime: 12.395807 ms
Singleton mode enabled for the Master Object Pooler 'MasterObjectPooler' which is not a root GameObject; this means it cannot be made scene persistent
Unloading 1745 unused Assets to reduce memory usage. Loaded Objects now: 78779.
Total: 101.865931 ms (FindLiveObjects: 4.389240 ms CreateObjectMapping: 1.834769 ms MarkObjects: 93.974342 ms  DeleteObjects: 1.667180 ms)

No custom bounds found for layer Walls
No custom bounds found for layer PlayerWall
[SpriteLoader] :: Texture already exists in sprite manager: enemiesM
[SpriteLoader] :: No resource location results for texture: enemies
[SpriteLoader] :: LoadAssetAsync result was null for texture: character_rottenghoul
DIRECTER could not be added to the pool table as a pool with the same name already exists
PhaserTilemap for layer Obstacle not found!
Attempting to get `time` on an audio source that has a resource that is not a clip will always return 0.
Attempting to set `timeSamples` on an audio source that has a resource assigned that is not a clip is ignored!
Sprite Tiling might not appear correctly because the Sprite used is not generated with Full Rect. To fix this, change the Mesh Type in the Sprite's import setting to Full Rect
Attempting to set `timeSamples` on an audio source that has a resource assigned that is not a clip is ignored!
Attempting to set `timeSamples` on an audio source that has a resource assigned that is not a clip is ignored!
Fired signal 'UISignals.RemoveOffScreenCursorSignal' but no subscriptions found!  If this is intentional then either add OptionalSubscriber() to the binding or change the default in ZenjectSettings
Fired signal 'UISignals.RemoveOffScreenCursorSignal' but no subscriptions found!  If this is intentional then either add OptionalSubscriber() to the binding or change the default in ZenjectSettings
[Physics::Module] Cleanup current backned.
[Physics::Module] Id: 0xf2b8ea05
Input System module state changed to: ShutdownInProgress.
Input System polling thread exited.
Input System module state changed to: Shutdown.
