2026-01-11 16:24:15.498 [info] Started local extension host with pid 7944.
2026-01-11 16:24:15.691 [info] [Continue.continue]: Command `continue.focusContinueInput` already registered by Continue - open-source AI code agent (Continue.continue)
2026-01-11 16:24:17.390 [warning] Authentication provider continue was not declared in the Extension Manifest.
2026-01-11 16:24:17.390 [error] [Extension Host] (node:7944) [DEP0040] DeprecationWarning: The `punycode` module is deprecated. Please use a userland alternative instead.
(Use `exe --trace-deprecation ...` to show where the warning was created)
2026-01-11 16:24:17.390 [error] [Extension Host] Failed to register Continue config.yaml schema, most likely, YAML extension is not installed CodeExpectedError: Unable to write to User Settings because yaml.schemas is not a registered configuration.
    at rEt.z (vscode-file://vscode-app/usr/lib/code/out/vs/workbench/workbench.desktop.main.js:3853:6793)
    at rEt.F (vscode-file://vscode-app/usr/lib/code/out/vs/workbench/workbench.desktop.main.js:3853:9281)
    at rEt.o (vscode-file://vscode-app/usr/lib/code/out/vs/workbench/workbench.desktop.main.js:3853:3874)
    at Object.factory (vscode-file://vscode-app/usr/lib/code/out/vs/workbench/workbench.desktop.main.js:3853:3774)
    at lw.j (vscode-file://vscode-app/usr/lib/code/out/vs/workbench/workbench.desktop.main.js:30:75972)
    at vscode-file://vscode-app/usr/lib/code/out/vs/workbench/workbench.desktop.main.js:30:75884
    at new Promise (<anonymous>)
    at lw.queue (vscode-file://vscode-app/usr/lib/code/out/vs/workbench/workbench.desktop.main.js:30:75826)
    at rEt.writeConfiguration (vscode-file://vscode-app/usr/lib/code/out/vs/workbench/workbench.desktop.main.js:3853:3743)
    at _Cn.Hb (vscode-file://vscode-app/usr/lib/code/out/vs/workbench/workbench.desktop.main.js:3853:42703)
2026-01-11 16:24:18.198 [info] [perf] Render performance baseline is 21ms
2026-01-11 16:24:18.629 [error] [Extension Host] Document /home/zkh/.config/hypr/conf/keybindings/default.conf not found in AST tracker
2026-01-11 16:24:29.509 [error] [Extension Host] Document /home/zkh/.config/hypr/conf/keybindings/default.conf not found in AST tracker
2026-01-11 16:24:29.653 [error] [Extension Host] Document /home/zkh/.config/hypr/conf/keybindings/default.conf not found in AST tracker
2026-01-11 16:24:29.795 [error] [Extension Host] Document /home/zkh/.config/hypr/conf/keybindings/default.conf not found in AST tracker
2026-01-11 16:24:36.009 [error] [Extension Host] Document /home/zkh/.config/hypr/conf/keybindings/default.conf not found in AST tracker
2026-01-11 16:24:36.302 [error] [Extension Host] Document /home/zkh/.config/hypr/conf/keybindings/default.conf not found in AST tracker
2026-01-11 16:24:36.614 [error] [Extension Host] Document /home/zkh/.config/hypr/conf/keybindings/default.conf not found in AST tracker
2026-01-11 16:24:36.761 [error] [Extension Host] Document /home/zkh/.config/hypr/conf/keybindings/default.conf not found in AST tracker
2026-01-11 16:24:41.847 [error] [Extension Host] Document /home/zkh/.config/hypr/conf/keybindings/default.conf not found in AST tracker
2026-01-11 16:24:42.072 [error] [Extension Host] Document /home/zkh/.config/hypr/conf/keybindings/default.conf not found in AST tracker
2026-01-11 16:24:42.243 [error] [Extension Host] Document /home/zkh/.config/hypr/conf/keybindings/default.conf not found in AST tracker
2026-01-11 16:24:42.375 [error] [Extension Host] Document /home/zkh/.config/hypr/conf/keybindings/default.conf not found in AST tracker
2026-01-11 16:24:42.522 [error] [Extension Host] Document /home/zkh/.config/hypr/conf/keybindings/default.conf not found in AST tracker
2026-01-11 16:24:42.810 [error] [Extension Host] Document /home/zkh/.config/hypr/conf/keybindings/default.conf not found in AST tracker
2026-01-11 16:24:43.028 [error] [Extension Host] Document /home/zkh/.config/hypr/conf/keybindings/default.conf not found in AST tracker
2026-01-11 16:24:53.654 [error] [Extension Host] Document /home/zkh/.config/hypr/conf/keybindings/default.conf not found in AST tracker
2026-01-11 16:24:53.809 [error] [Extension Host] Document /home/zkh/.config/hypr/conf/keybindings/default.conf not found in AST tracker
2026-01-11 16:24:53.961 [error] [Extension Host] Document /home/zkh/.config/hypr/conf/keybindings/default.conf not found in AST tracker
2026-01-11 16:25:05.652 [error] [Extension Host] Document /home/zkh/.config/hypr/conf/keybindings/default.conf not found in AST tracker
2026-01-11 16:25:05.944 [error] [Extension Host] Document /home/zkh/.config/hypr/conf/keybindings/default.conf not found in AST tracker
2026-01-11 16:25:07.446 [error] [Extension Host] Document /home/zkh/.config/hypr/conf/keybindings/default.conf not found in AST tracker
2026-01-11 16:25:07.528 [error] [Extension Host] Document /home/zkh/.config/hypr/conf/keybindings/default.conf not found in AST tracker
2026-01-11 16:25:09.028 [error] [Extension Host] Document /home/zkh/.config/hypr/conf/keybindings/default.conf not found in AST tracker
2026-01-11 16:25:21.922 [error] [Extension Host] Document /home/zkh/.config/hypr/conf/keybindings/default.conf not found in AST tracker
2026-01-11 16:25:22.060 [error] [Extension Host] Document /home/zkh/.config/hypr/conf/keybindings/default.conf not found in AST tracker
2026-01-11 16:25:22.210 [error] [Extension Host] Document /home/zkh/.config/hypr/conf/keybindings/default.conf not found in AST tracker
2026-01-11 16:25:26.679 [error] [Extension Host] Document /home/zkh/.config/hypr/conf/keybindings/default.conf not found in AST tracker
2026-01-11 16:25:36.729 [error] [Extension Host] Document /home/zkh/.config/hypr/conf/keybindings/default.conf not found in AST tracker
2026-01-11 16:26:00.523 [error] [Extension Host] Document /home/zkh/.config/hypr/conf/keybindings/default.conf not found in AST tracker
2026-01-11 16:26:00.652 [error] [Extension Host] Document /home/zkh/.config/hypr/conf/keybindings/default.conf not found in AST tracker
2026-01-11 16:26:00.804 [error] [Extension Host] Document /home/zkh/.config/hypr/conf/keybindings/default.conf not found in AST tracker
2026-01-11 16:27:17.698 [error] [Extension Host] Document /home/zkh/.config/hypr/conf/keybindings/default.conf not found in AST tracker
2026-01-11 16:27:24.302 [error] [Extension Host] Document /home/zkh/.config/hypr/conf/keybindings/default.conf not found in AST tracker
2026-01-11 16:27:26.286 [error] [Extension Host] Document /home/zkh/.config/hypr/conf/keybindings/default.conf not found in AST tracker
2026-01-11 16:28:06.137 [error] [Extension Host] Document /home/zkh/.config/hypr/conf/keybindings/default.conf not found in AST tracker
2026-01-11 16:33:51.657 [error] [Extension Host] Document /home/zkh/.config/hypr/conf/keybindings/default.conf not found in AST tracker
2026-01-11 16:33:52.653 [error] [Extension Host] Document /home/zkh/.config/hypr/conf/keybindings/default.conf not found in AST tracker
2026-01-11 16:33:52.775 [error] [Extension Host] Document /home/zkh/.config/hypr/conf/keybindings/default.conf not found in AST tracker
2026-01-11 16:33:52.866 [error] [Extension Host] Document /home/zkh/.config/hypr/conf/keybindings/default.conf not found in AST tracker
2026-01-11 16:33:53.125 [error] [Extension Host] Document /home/zkh/.config/hypr/conf/keybindings/default.conf not found in AST tracker
2026-01-11 16:33:53.760 [error] [Extension Host] Document /home/zkh/.config/hypr/conf/keybindings/default.conf not found in AST tracker
2026-01-11 16:33:58.726 [error] [Extension Host] Document /home/zkh/.config/hypr/conf/keybindings/default.conf not found in AST tracker
2026-01-11 16:33:59.129 [error] [Extension Host] Document /home/zkh/.config/hypr/conf/keybindings/default.conf not found in AST tracker
2026-01-11 16:33:59.342 [error] [Extension Host] Document /home/zkh/.config/hypr/conf/keybindings/default.conf not found in AST tracker
2026-01-11 16:33:59.526 [error] [Extension Host] Document /home/zkh/.config/hypr/conf/keybindings/default.conf not found in AST tracker
2026-01-11 16:33:59.895 [error] [Extension Host] Document /home/zkh/.config/hypr/conf/keybindings/default.conf not found in AST tracker
2026-01-11 16:34:00.645 [error] [Extension Host] Document /home/zkh/.config/hypr/conf/keybindings/default.conf not found in AST tracker
2026-01-11 16:34:08.919 [error] [Extension Host] Document /home/zkh/.config/hypr/conf/keybindings/default.conf not found in AST tracker
2026-01-11 16:34:41.352 [error] [Extension Host] Document /home/zkh/.config/hypr/conf/keybindings/default.conf not found in AST tracker
2026-01-11 16:34:41.498 [error] [Extension Host] Document /home/zkh/.config/hypr/conf/keybindings/default.conf not found in AST tracker
2026-01-11 16:34:41.562 [error] [Extension Host] Document /home/zkh/.config/hypr/conf/keybindings/default.conf not found in AST tracker
2026-01-11 16:34:41.612 [error] [Extension Host] Document /home/zkh/.config/hypr/conf/keybindings/default.conf not found in AST tracker
2026-01-11 16:34:41.663 [error] [Extension Host] Document /home/zkh/.config/hypr/conf/keybindings/default.conf not found in AST tracker
2026-01-11 16:34:41.712 [error] [Extension Host] Document /home/zkh/.config/hypr/conf/keybindings/default.conf not found in AST tracker
2026-01-11 16:34:41.779 [error] [Extension Host] Document /home/zkh/.config/hypr/conf/keybindings/default.conf not found in AST tracker
2026-01-11 16:34:41.779 [error] [Extension Host] Document /home/zkh/.config/hypr/conf/keybindings/default.conf not found in AST tracker
2026-01-11 16:34:41.895 [error] [Extension Host] Document /home/zkh/.config/hypr/conf/keybindings/default.conf not found in AST tracker
2026-01-11 16:34:41.962 [error] [Extension Host] Document /home/zkh/.config/hypr/conf/keybindings/default.conf not found in AST tracker
2026-01-11 16:34:42.062 [error] [Extension Host] Document /home/zkh/.config/hypr/conf/keybindings/default.conf not found in AST tracker
2026-01-11 16:34:42.312 [error] [Extension Host] Document /home/zkh/.config/hypr/conf/keybindings/default.conf not found in AST tracker
2026-01-11 16:34:43.329 [error] [Extension Host] Document /home/zkh/.config/hypr/conf/keybindings/default.conf not found in AST tracker
2026-01-11 16:34:48.365 [error] [Extension Host] Document /home/zkh/.config/hypr/conf/keybindings/default.conf not found in AST tracker
2026-01-11 16:34:48.503 [error] [Extension Host] Document /home/zkh/.config/hypr/conf/keybindings/default.conf not found in AST tracker
2026-01-11 16:34:48.653 [error] [Extension Host] Document /home/zkh/.config/hypr/conf/keybindings/default.conf not found in AST tracker
2026-01-11 16:34:53.683 [error] [Extension Host] Document /home/zkh/.config/hypr/conf/keybindings/default.conf not found in AST tracker
2026-01-11 16:34:53.812 [error] [Extension Host] Document /home/zkh/.config/hypr/conf/keybindings/default.conf not found in AST tracker
2026-01-11 16:34:55.185 [error] [Extension Host] Document /home/zkh/.config/hypr/conf/keybindings/default.conf not found in AST tracker
2026-01-11 16:34:56.149 [error] [Extension Host] Document /home/zkh/.config/hypr/conf/keybindings/default.conf not found in AST tracker
2026-01-11 16:34:56.246 [error] [Extension Host] Document /home/zkh/.config/hypr/conf/keybindings/default.conf not found in AST tracker
2026-01-11 16:34:56.246 [error] [Extension Host] Document /home/zkh/.config/hypr/conf/keybindings/default.conf not found in AST tracker
2026-01-11 16:34:56.313 [error] [Extension Host] Document /home/zkh/.config/hypr/conf/keybindings/default.conf not found in AST tracker
2026-01-11 16:34:56.313 [error] [Extension Host] Document /home/zkh/.config/hypr/conf/keybindings/default.conf not found in AST tracker
2026-01-11 16:34:56.362 [error] [Extension Host] Document /home/zkh/.config/hypr/conf/keybindings/default.conf not found in AST tracker
2026-01-11 16:34:56.363 [error] [Extension Host] Document /home/zkh/.config/hypr/conf/keybindings/default.conf not found in AST tracker
2026-01-11 16:34:56.412 [error] [Extension Host] Document /home/zkh/.config/hypr/conf/keybindings/default.conf not found in AST tracker
2026-01-11 16:34:56.479 [error] [Extension Host] Document /home/zkh/.config/hypr/conf/keybindings/default.conf not found in AST tracker
2026-01-11 16:34:56.545 [error] [Extension Host] Document /home/zkh/.config/hypr/conf/keybindings/default.conf not found in AST tracker
2026-01-11 16:34:57.279 [error] [Extension Host] Document /home/zkh/.config/hypr/conf/keybindings/default.conf not found in AST tracker
2026-01-11 16:34:57.820 [error] [Extension Host] Document /home/zkh/.config/hypr/conf/keybindings/default.conf not found in AST tracker
2026-01-11 16:35:01.984 [error] [Extension Host] Document /home/zkh/.config/hypr/conf/keybindings/default.conf not found in AST tracker
2026-01-11 16:35:05.025 [error] [Extension Host] Document /home/zkh/.config/hypr/conf/keybindings/default.conf not found in AST tracker
2026-01-11 16:35:05.847 [error] [Extension Host] Document /home/zkh/.config/hypr/conf/keybindings/default.conf not found in AST tracker
2026-01-11 16:35:05.986 [error] [Extension Host] Document /home/zkh/.config/hypr/conf/keybindings/default.conf not found in AST tracker
2026-01-11 16:35:06.098 [error] [Extension Host] Document /home/zkh/.config/hypr/conf/keybindings/default.conf not found in AST tracker
2026-01-11 16:35:06.312 [error] [Extension Host] Document /home/zkh/.config/hypr/conf/keybindings/default.conf not found in AST tracker
2026-01-11 16:35:06.830 [error] [Extension Host] Document /home/zkh/.config/hypr/conf/keybindings/default.conf not found in AST tracker
2026-01-11 16:35:07.264 [error] [Extension Host] Document /home/zkh/.config/hypr/conf/keybindings/default.conf not found in AST tracker
2026-01-11 16:35:19.955 [error] [Extension Host] Document /home/zkh/.config/hypr/conf/keybindings/default.conf not found in AST tracker
2026-01-11 16:36:30.431 [error] [Extension Host] Document /home/zkh/.config/hypr/conf/keybindings/default.conf not found in AST tracker
2026-01-11 16:37:01.415 [error] [Extension Host] Document /home/zkh/.config/hypr/conf/keybindings/default.conf not found in AST tracker
2026-01-11 16:37:03.072 [error] [Extension Host] Document /home/zkh/.config/hypr/conf/keybindings/default.conf not found in AST tracker
2026-01-11 16:37:12.562 [error] [Extension Host] Document /home/zkh/.config/hypr/conf/keybindings/default.conf not found in AST tracker
2026-01-11 16:37:12.690 [error] [Extension Host] Document /home/zkh/.config/hypr/conf/keybindings/default.conf not found in AST tracker
2026-01-11 16:37:12.853 [error] [Extension Host] Document /home/zkh/.config/hypr/conf/keybindings/default.conf not found in AST tracker
2026-01-11 16:37:18.241 [error] [Extension Host] Document /home/zkh/.config/hypr/conf/keybindings/default.conf not found in AST tracker
2026-01-11 16:37:30.155 [error] [Extension Host] Document /home/zkh/.config/hypr/conf/keybindings/default.conf not found in AST tracker
2026-01-11 16:37:33.145 [error] [Extension Host] Document /home/zkh/.config/hypr/conf/keybindings/default.conf not found in AST tracker
2026-01-11 16:37:34.035 [error] [Extension Host] Document /home/zkh/.config/hypr/conf/keybindings/default.conf not found in AST tracker
2026-01-11 16:37:34.195 [error] [Extension Host] Document /home/zkh/.config/hypr/conf/keybindings/default.conf not found in AST tracker
2026-01-11 16:37:34.354 [error] [Extension Host] Document /home/zkh/.config/hypr/conf/keybindings/default.conf not found in AST tracker
2026-01-11 16:37:46.359 [error] [Extension Host] Document /home/zkh/.config/hypr/conf/keybindings/default.conf not found in AST tracker
2026-01-11 16:37:46.457 [error] [Extension Host] Document /home/zkh/.config/hypr/conf/keybindings/default.conf not found in AST tracker
2026-01-11 16:37:46.506 [error] [Extension Host] Document /home/zkh/.config/hypr/conf/keybindings/default.conf not found in AST tracker
2026-01-11 16:37:46.556 [error] [Extension Host] Document /home/zkh/.config/hypr/conf/keybindings/default.conf not found in AST tracker
2026-01-11 16:37:46.690 [error] [Extension Host] Document /home/zkh/.config/hypr/conf/keybindings/default.conf not found in AST tracker
2026-01-11 16:37:46.757 [error] [Extension Host] Document /home/zkh/.config/hypr/conf/keybindings/default.conf not found in AST tracker
2026-01-11 16:37:46.856 [error] [Extension Host] Document /home/zkh/.config/hypr/conf/keybindings/default.conf not found in AST tracker
2026-01-11 16:37:46.923 [error] [Extension Host] Document /home/zkh/.config/hypr/conf/keybindings/default.conf not found in AST tracker
2026-01-11 16:37:46.923 [error] [Extension Host] Document /home/zkh/.config/hypr/conf/keybindings/default.conf not found in AST tracker
2026-01-11 16:37:47.190 [error] [Extension Host] Document /home/zkh/.config/hypr/conf/keybindings/default.conf not found in AST tracker
2026-01-11 16:37:47.489 [error] [Extension Host] Document /home/zkh/.config/hypr/conf/keybindings/default.conf not found in AST tracker
2026-01-11 16:37:47.973 [error] [Extension Host] Document /home/zkh/.config/hypr/conf/keybindings/default.conf not found in AST tracker
2026-01-11 16:37:52.702 [error] [Extension Host] Document /home/zkh/.config/hypr/conf/keybindings/default.conf not found in AST tracker
2026-01-11 16:37:53.900 [error] [Extension Host] Document /home/zkh/.config/hypr/conf/keybindings/default.conf not found in AST tracker
2026-01-11 16:37:57.800 [error] [Extension Host] Document /home/zkh/.config/hypr/conf/keybindings/default.conf not found in AST tracker
2026-01-11 16:37:57.921 [error] [Extension Host] Document /home/zkh/.config/hypr/conf/keybindings/default.conf not found in AST tracker
2026-01-11 16:40:02.293 [error] [Extension Host] Document /home/zkh/.config/hypr/conf/keybindings/default.conf not found in AST tracker
2026-01-11 16:40:02.519 [error] [Extension Host] Document /home/zkh/.config/hypr/conf/keybindings/default.conf not found in AST tracker
2026-01-11 16:40:02.653 [error] [Extension Host] Document /home/zkh/.config/hypr/conf/keybindings/default.conf not found in AST tracker
2026-01-11 16:40:02.769 [error] [Extension Host] Document /home/zkh/.config/hypr/conf/keybindings/default.conf not found in AST tracker
2026-01-11 16:40:06.632 [error] [Extension Host] Document /home/zkh/.config/hypr/conf/keybindings/default.conf not found in AST tracker
2026-01-11 16:40:17.464 [error] [Extension Host] Document /home/zkh/.config/hypr/conf/keybindings/default.conf not found in AST tracker
2026-01-11 16:40:18.065 [error] [Extension Host] Document /home/zkh/.config/hypr/conf/keybindings/default.conf not found in AST tracker
2026-01-11 16:40:18.147 [error] [Extension Host] Document /home/zkh/.config/hypr/conf/keybindings/default.conf not found in AST tracker
2026-01-11 16:40:18.147 [error] [Extension Host] Document /home/zkh/.config/hypr/conf/keybindings/default.conf not found in AST tracker
2026-01-11 16:40:18.227 [error] [Extension Host] Document /home/zkh/.config/hypr/conf/keybindings/default.conf not found in AST tracker
2026-01-11 16:40:18.228 [error] [Extension Host] Document /home/zkh/.config/hypr/conf/keybindings/default.conf not found in AST tracker
2026-01-11 16:40:18.314 [error] [Extension Host] Document /home/zkh/.config/hypr/conf/keybindings/default.conf not found in AST tracker
2026-01-11 16:40:18.314 [error] [Extension Host] Document /home/zkh/.config/hypr/conf/keybindings/default.conf not found in AST tracker
2026-01-11 16:40:18.389 [error] [Extension Host] Document /home/zkh/.config/hypr/conf/keybindings/default.conf not found in AST tracker
2026-01-11 16:40:18.389 [error] [Extension Host] Document /home/zkh/.config/hypr/conf/keybindings/default.conf not found in AST tracker
2026-01-11 16:40:18.470 [error] [Extension Host] Document /home/zkh/.config/hypr/conf/keybindings/default.conf not found in AST tracker
2026-01-11 16:40:18.470 [error] [Extension Host] Document /home/zkh/.config/hypr/conf/keybindings/default.conf not found in AST tracker
2026-01-11 16:40:18.551 [error] [Extension Host] Document /home/zkh/.config/hypr/conf/keybindings/default.conf not found in AST tracker
2026-01-11 16:40:18.552 [error] [Extension Host] Document /home/zkh/.config/hypr/conf/keybindings/default.conf not found in AST tracker
2026-01-11 16:40:18.632 [error] [Extension Host] Document /home/zkh/.config/hypr/conf/keybindings/default.conf not found in AST tracker
2026-01-11 16:40:18.632 [error] [Extension Host] Document /home/zkh/.config/hypr/conf/keybindings/default.conf not found in AST tracker
2026-01-11 16:40:18.714 [error] [Extension Host] Document /home/zkh/.config/hypr/conf/keybindings/default.conf not found in AST tracker
2026-01-11 16:40:18.715 [error] [Extension Host] Document /home/zkh/.config/hypr/conf/keybindings/default.conf not found in AST tracker
2026-01-11 16:40:18.795 [error] [Extension Host] Document /home/zkh/.config/hypr/conf/keybindings/default.conf not found in AST tracker
2026-01-11 16:40:18.795 [error] [Extension Host] Document /home/zkh/.config/hypr/conf/keybindings/default.conf not found in AST tracker
2026-01-11 16:40:18.876 [error] [Extension Host] Document /home/zkh/.config/hypr/conf/keybindings/default.conf not found in AST tracker
2026-01-11 16:40:18.877 [error] [Extension Host] Document /home/zkh/.config/hypr/conf/keybindings/default.conf not found in AST tracker
2026-01-11 16:40:18.964 [error] [Extension Host] Document /home/zkh/.config/hypr/conf/keybindings/default.conf not found in AST tracker
2026-01-11 16:40:18.964 [error] [Extension Host] Document /home/zkh/.config/hypr/conf/keybindings/default.conf not found in AST tracker
2026-01-11 16:40:19.038 [error] [Extension Host] Document /home/zkh/.config/hypr/conf/keybindings/default.conf not found in AST tracker
2026-01-11 16:40:19.039 [error] [Extension Host] Document /home/zkh/.config/hypr/conf/keybindings/default.conf not found in AST tracker
2026-01-11 16:40:19.119 [error] [Extension Host] Document /home/zkh/.config/hypr/conf/keybindings/default.conf not found in AST tracker
2026-01-11 16:40:19.120 [error] [Extension Host] Document /home/zkh/.config/hypr/conf/keybindings/default.conf not found in AST tracker
2026-01-11 16:40:19.214 [error] [Extension Host] Document /home/zkh/.config/hypr/conf/keybindings/default.conf not found in AST tracker
2026-01-11 16:40:19.214 [error] [Extension Host] Document /home/zkh/.config/hypr/conf/keybindings/default.conf not found in AST tracker
2026-01-11 16:40:19.281 [error] [Extension Host] Document /home/zkh/.config/hypr/conf/keybindings/default.conf not found in AST tracker
2026-01-11 16:40:19.282 [error] [Extension Host] Document /home/zkh/.config/hypr/conf/keybindings/default.conf not found in AST tracker
2026-01-11 16:40:19.363 [error] [Extension Host] Document /home/zkh/.config/hypr/conf/keybindings/default.conf not found in AST tracker
2026-01-11 16:40:19.363 [error] [Extension Host] Document /home/zkh/.config/hypr/conf/keybindings/default.conf not found in AST tracker
2026-01-11 16:40:19.469 [error] [Extension Host] Document /home/zkh/.config/hypr/conf/keybindings/default.conf not found in AST tracker
