2026-01-10 21:16:54.197 [info] Started local extension host with pid 100776.
2026-01-10 21:16:54.397 [info] [Continue.continue]: Command `continue.focusContinueInput` already registered by Continue - open-source AI code agent (Continue.continue)
2026-01-10 21:16:56.074 [warning] Authentication provider continue was not declared in the Extension Manifest.
2026-01-10 21:16:56.074 [error] [Extension Host] (node:100776) [DEP0040] DeprecationWarning: The `punycode` module is deprecated. Please use a userland alternative instead.
(Use `exe --trace-deprecation ...` to show where the warning was created)
2026-01-10 21:16:56.074 [error] [Extension Host] Failed to register Continue config.yaml schema, most likely, YAML extension is not installed CodeExpectedError: Unable to write to User Settings because yaml.schemas is not a registered configuration.
    at rEt.z (vscode-file://vscode-app/usr/lib/code/out/vs/workbench/workbench.desktop.main.js:3853:6793)
    at rEt.F (vscode-file://vscode-app/usr/lib/code/out/vs/workbench/workbench.desktop.main.js:3853:9281)
    at rEt.o (vscode-file://vscode-app/usr/lib/code/out/vs/workbench/workbench.desktop.main.js:3853:3874)
    at Object.factory (vscode-file://vscode-app/usr/lib/code/out/vs/workbench/workbench.desktop.main.js:3853:3774)
    at lw.j (vscode-file://vscode-app/usr/lib/code/out/vs/workbench/workbench.desktop.main.js:30:75972)
    at vscode-file://vscode-app/usr/lib/code/out/vs/workbench/workbench.desktop.main.js:30:75884
    at new Promise (<anonymous>)
    at lw.queue (vscode-file://vscode-app/usr/lib/code/out/vs/workbench/workbench.desktop.main.js:30:75826)
    at rEt.writeConfiguration (vscode-file://vscode-app/usr/lib/code/out/vs/workbench/workbench.desktop.main.js:3853:3743)
    at _Cn.Hb (vscode-file://vscode-app/usr/lib/code/out/vs/workbench/workbench.desktop.main.js:3853:42703)
2026-01-10 21:16:56.988 [info] [perf] Render performance baseline is 22ms
2026-01-10 21:16:58.403 [error] [Extension Host] Document /home/zkh/.config/hypr/conf/keybindings/default.conf not found in AST tracker
2026-01-10 21:17:08.069 [error] [Extension Host] Document /home/zkh/.config/hypr/conf/keybindings/default.conf not found in AST tracker
2026-01-10 21:17:28.713 [error] [Extension Host] Document /home/zkh/.config/hypr/conf/keybindings/default.conf not found in AST tracker
2026-01-10 21:17:28.807 [error] [Extension Host] Document /home/zkh/.config/hypr/conf/keybindings/default.conf not found in AST tracker
2026-01-10 21:17:28.930 [error] [Extension Host] Document /home/zkh/.config/hypr/conf/keybindings/default.conf not found in AST tracker
2026-01-10 21:17:29.078 [error] [Extension Host] Document /home/zkh/.config/hypr/conf/keybindings/default.conf not found in AST tracker
2026-01-10 21:17:29.222 [error] [Extension Host] Document /home/zkh/.config/hypr/conf/keybindings/default.conf not found in AST tracker
2026-01-10 21:17:29.322 [error] [Extension Host] Document /home/zkh/.config/hypr/conf/keybindings/default.conf not found in AST tracker
2026-01-10 21:17:29.449 [error] [Extension Host] Document /home/zkh/.config/hypr/conf/keybindings/default.conf not found in AST tracker
2026-01-10 21:17:29.708 [error] [Extension Host] Document /home/zkh/.config/hypr/conf/keybindings/default.conf not found in AST tracker
2026-01-10 21:17:29.858 [error] [Extension Host] Document /home/zkh/.config/hypr/conf/keybindings/default.conf not found in AST tracker
2026-01-10 21:17:30.095 [error] [Extension Host] Document /home/zkh/.config/hypr/conf/keybindings/default.conf not found in AST tracker
2026-01-10 21:17:41.143 [error] [Extension Host] Document /home/zkh/.config/hypr/conf/keybindings/default.conf not found in AST tracker
2026-01-10 21:17:41.337 [error] [Extension Host] Document /home/zkh/.config/hypr/conf/keybindings/default.conf not found in AST tracker
2026-01-10 21:17:42.154 [error] [Extension Host] Document /home/zkh/.config/hypr/conf/keybindings/default.conf not found in AST tracker
2026-01-10 21:17:42.400 [error] [Extension Host] Document /home/zkh/.config/hypr/conf/keybindings/default.conf not found in AST tracker
2026-01-10 21:17:42.654 [error] [Extension Host] Document /home/zkh/.config/hypr/conf/keybindings/default.conf not found in AST tracker
2026-01-10 21:17:43.609 [error] [Extension Host] Document /home/zkh/.config/hypr/conf/keybindings/default.conf not found in AST tracker
2026-01-10 21:17:43.767 [error] [Extension Host] Document /home/zkh/.config/hypr/conf/keybindings/default.conf not found in AST tracker
2026-01-10 21:17:50.076 [error] [Extension Host] Document /home/zkh/.config/hypr/conf/keybindings/default.conf not found in AST tracker
2026-01-10 21:18:30.347 [error] [Extension Host] Document /home/zkh/.config/hypr/conf/keybindings/default.conf not found in AST tracker
2026-01-10 21:18:30.485 [error] [Extension Host] Document /home/zkh/.config/hypr/conf/keybindings/default.conf not found in AST tracker
2026-01-10 21:18:30.591 [error] [Extension Host] Document /home/zkh/.config/hypr/conf/keybindings/default.conf not found in AST tracker
2026-01-10 21:18:30.713 [error] [Extension Host] Document /home/zkh/.config/hypr/conf/keybindings/default.conf not found in AST tracker
2026-01-10 21:18:30.876 [error] [Extension Host] Document /home/zkh/.config/hypr/conf/keybindings/default.conf not found in AST tracker
2026-01-10 21:18:30.979 [error] [Extension Host] Document /home/zkh/.config/hypr/conf/keybindings/default.conf not found in AST tracker
2026-01-10 21:18:31.116 [error] [Extension Host] Document /home/zkh/.config/hypr/conf/keybindings/default.conf not found in AST tracker
2026-01-10 21:18:31.317 [error] [Extension Host] Document /home/zkh/.config/hypr/conf/keybindings/default.conf not found in AST tracker
2026-01-10 21:18:31.464 [error] [Extension Host] Document /home/zkh/.config/hypr/conf/keybindings/default.conf not found in AST tracker
2026-01-10 21:18:31.681 [error] [Extension Host] Document /home/zkh/.config/hypr/conf/keybindings/default.conf not found in AST tracker
2026-01-10 21:18:33.653 [error] [Extension Host] Document /home/zkh/.config/hypr/conf/keybindings/default.conf not found in AST tracker
2026-01-10 21:18:34.012 [error] [Extension Host] Document /home/zkh/.config/hypr/conf/keybindings/default.conf not found in AST tracker
2026-01-10 21:18:34.428 [error] [Extension Host] Document /home/zkh/.config/hypr/conf/keybindings/default.conf not found in AST tracker
2026-01-10 21:18:34.727 [error] [Extension Host] Document /home/zkh/.config/hypr/conf/keybindings/default.conf not found in AST tracker
2026-01-10 21:18:34.902 [error] [Extension Host] Document /home/zkh/.config/hypr/conf/keybindings/default.conf not found in AST tracker
2026-01-10 21:18:35.070 [error] [Extension Host] Document /home/zkh/.config/hypr/conf/keybindings/default.conf not found in AST tracker
2026-01-10 21:18:35.277 [error] [Extension Host] Document /home/zkh/.config/hypr/conf/keybindings/default.conf not found in AST tracker
2026-01-10 21:18:35.478 [error] [Extension Host] Document /home/zkh/.config/hypr/conf/keybindings/default.conf not found in AST tracker
2026-01-10 21:18:35.628 [error] [Extension Host] Document /home/zkh/.config/hypr/conf/keybindings/default.conf not found in AST tracker
2026-01-10 21:18:36.286 [error] [Extension Host] Document /home/zkh/.config/hypr/conf/keybindings/default.conf not found in AST tracker
2026-01-10 21:18:40.179 [error] [Extension Host] Document /home/zkh/.config/hypr/conf/keybindings/default.conf not found in AST tracker
2026-01-10 21:18:40.523 [error] [Extension Host] Document /home/zkh/.config/hypr/conf/keybindings/default.conf not found in AST tracker
2026-01-10 21:18:40.813 [error] [Extension Host] Document /home/zkh/.config/hypr/conf/keybindings/default.conf not found in AST tracker
2026-01-10 21:18:40.979 [error] [Extension Host] Document /home/zkh/.config/hypr/conf/keybindings/default.conf not found in AST tracker
2026-01-10 21:18:41.137 [error] [Extension Host] Document /home/zkh/.config/hypr/conf/keybindings/default.conf not found in AST tracker
2026-01-10 21:18:41.319 [error] [Extension Host] Document /home/zkh/.config/hypr/conf/keybindings/default.conf not found in AST tracker
2026-01-10 21:18:41.483 [error] [Extension Host] Document /home/zkh/.config/hypr/conf/keybindings/default.conf not found in AST tracker
2026-01-10 21:18:41.779 [error] [Extension Host] Document /home/zkh/.config/hypr/conf/keybindings/default.conf not found in AST tracker
2026-01-10 21:18:44.888 [error] [Extension Host] Document /home/zkh/.config/hypr/conf/keybindings/default.conf not found in AST tracker
2026-01-10 21:18:45.203 [error] [Extension Host] Document /home/zkh/.config/hypr/conf/keybindings/default.conf not found in AST tracker
2026-01-10 21:18:46.545 [error] [Extension Host] Document /home/zkh/.config/hypr/conf/keybindings/default.conf not found in AST tracker
2026-01-10 21:18:47.840 [error] [Extension Host] Document /home/zkh/.config/hypr/conf/keybindings/default.conf not found in AST tracker
2026-01-10 21:18:47.956 [error] [Extension Host] Document /home/zkh/.config/hypr/conf/keybindings/default.conf not found in AST tracker
2026-01-10 21:18:48.063 [error] [Extension Host] Document /home/zkh/.config/hypr/conf/keybindings/default.conf not found in AST tracker
2026-01-10 21:18:48.280 [error] [Extension Host] Document /home/zkh/.config/hypr/conf/keybindings/default.conf not found in AST tracker
2026-01-10 21:18:49.105 [error] [Extension Host] Document /home/zkh/.config/hypr/conf/keybindings/default.conf not found in AST tracker
2026-01-10 21:18:49.397 [error] [Extension Host] Document /home/zkh/.config/hypr/conf/keybindings/default.conf not found in AST tracker
2026-01-10 21:18:49.582 [error] [Extension Host] Document /home/zkh/.config/hypr/conf/keybindings/default.conf not found in AST tracker
2026-01-10 21:18:50.924 [error] [Extension Host] Document /home/zkh/.config/hypr/conf/keybindings/default.conf not found in AST tracker
2026-01-10 21:18:51.671 [error] [Extension Host] Document /home/zkh/.config/hypr/conf/keybindings/default.conf not found in AST tracker
2026-01-10 21:18:51.802 [error] [Extension Host] Document /home/zkh/.config/hypr/conf/keybindings/default.conf not found in AST tracker
2026-01-10 21:18:51.918 [error] [Extension Host] Document /home/zkh/.config/hypr/conf/keybindings/default.conf not found in AST tracker
2026-01-10 21:18:52.841 [error] [Extension Host] Document /home/zkh/.config/hypr/conf/keybindings/default.conf not found in AST tracker
2026-01-10 21:18:53.589 [error] [Extension Host] Document /home/zkh/.config/hypr/conf/keybindings/default.conf not found in AST tracker
2026-01-10 21:18:54.845 [error] [Extension Host] Document /home/zkh/.config/hypr/conf/keybindings/default.conf not found in AST tracker
2026-01-10 21:18:55.037 [error] [Extension Host] Document /home/zkh/.config/hypr/conf/keybindings/default.conf not found in AST tracker
2026-01-10 21:18:55.214 [error] [Extension Host] Document /home/zkh/.config/hypr/conf/keybindings/default.conf not found in AST tracker
2026-01-10 21:18:55.385 [error] [Extension Host] Document /home/zkh/.config/hypr/conf/keybindings/default.conf not found in AST tracker
2026-01-10 21:18:55.561 [error] [Extension Host] Document /home/zkh/.config/hypr/conf/keybindings/default.conf not found in AST tracker
2026-01-10 21:18:55.722 [error] [Extension Host] Document /home/zkh/.config/hypr/conf/keybindings/default.conf not found in AST tracker
2026-01-10 21:18:55.877 [error] [Extension Host] Document /home/zkh/.config/hypr/conf/keybindings/default.conf not found in AST tracker
2026-01-10 21:18:56.037 [error] [Extension Host] Document /home/zkh/.config/hypr/conf/keybindings/default.conf not found in AST tracker
2026-01-10 21:18:56.190 [error] [Extension Host] Document /home/zkh/.config/hypr/conf/keybindings/default.conf not found in AST tracker
2026-01-10 21:18:56.537 [error] [Extension Host] Document /home/zkh/.config/hypr/conf/keybindings/default.conf not found in AST tracker
2026-01-10 21:19:37.234 [error] [Extension Host] Document /home/zkh/.config/hypr/conf/keybindings/default.conf not found in AST tracker
2026-01-10 21:19:37.329 [error] [Extension Host] Document /home/zkh/.config/hypr/conf/keybindings/default.conf not found in AST tracker
2026-01-10 21:19:37.430 [error] [Extension Host] Document /home/zkh/.config/hypr/conf/keybindings/default.conf not found in AST tracker
2026-01-10 21:19:37.583 [error] [Extension Host] Document /home/zkh/.config/hypr/conf/keybindings/default.conf not found in AST tracker
2026-01-10 21:19:37.721 [error] [Extension Host] Document /home/zkh/.config/hypr/conf/keybindings/default.conf not found in AST tracker
2026-01-10 21:19:50.090 [error] [Extension Host] Document /home/zkh/.config/hypr/conf/keybindings/default.conf not found in AST tracker
2026-01-10 21:19:50.219 [error] [Extension Host] Document /home/zkh/.config/hypr/conf/keybindings/default.conf not found in AST tracker
2026-01-10 21:19:50.380 [error] [Extension Host] Document /home/zkh/.config/hypr/conf/keybindings/default.conf not found in AST tracker
2026-01-10 21:19:50.625 [error] [Extension Host] Document /home/zkh/.config/hypr/conf/keybindings/default.conf not found in AST tracker
2026-01-10 21:19:51.672 [error] [Extension Host] Document /home/zkh/.config/hypr/conf/keybindings/default.conf not found in AST tracker
2026-01-10 21:19:51.782 [error] [Extension Host] Document /home/zkh/.config/hypr/conf/keybindings/default.conf not found in AST tracker
2026-01-10 21:19:51.890 [error] [Extension Host] Document /home/zkh/.config/hypr/conf/keybindings/default.conf not found in AST tracker
2026-01-10 21:19:52.087 [error] [Extension Host] Document /home/zkh/.config/hypr/conf/keybindings/default.conf not found in AST tracker
2026-01-10 21:19:52.304 [error] [Extension Host] Document /home/zkh/.config/hypr/conf/keybindings/default.conf not found in AST tracker
2026-01-10 21:19:52.420 [error] [Extension Host] Document /home/zkh/.config/hypr/conf/keybindings/default.conf not found in AST tracker
2026-01-10 21:19:52.598 [error] [Extension Host] Document /home/zkh/.config/hypr/conf/keybindings/default.conf not found in AST tracker
2026-01-10 21:19:53.020 [error] [Extension Host] Document /home/zkh/.config/hypr/conf/keybindings/default.conf not found in AST tracker
2026-01-10 21:19:53.435 [error] [Extension Host] Document /home/zkh/.config/hypr/conf/keybindings/default.conf not found in AST tracker
2026-01-10 21:19:53.704 [error] [Extension Host] Document /home/zkh/.config/hypr/conf/keybindings/default.conf not found in AST tracker
2026-01-10 21:19:54.551 [error] [Extension Host] Document /home/zkh/.config/hypr/conf/keybindings/default.conf not found in AST tracker
2026-01-10 21:19:54.760 [error] [Extension Host] Document /home/zkh/.config/hypr/conf/keybindings/default.conf not found in AST tracker
2026-01-10 21:19:54.908 [error] [Extension Host] Document /home/zkh/.config/hypr/conf/keybindings/default.conf not found in AST tracker
2026-01-10 21:19:55.176 [error] [Extension Host] Document /home/zkh/.config/hypr/conf/keybindings/default.conf not found in AST tracker
2026-01-10 21:19:55.350 [error] [Extension Host] Document /home/zkh/.config/hypr/conf/keybindings/default.conf not found in AST tracker
2026-01-10 21:19:55.542 [error] [Extension Host] Document /home/zkh/.config/hypr/conf/keybindings/default.conf not found in AST tracker
2026-01-10 21:19:55.697 [error] [Extension Host] Document /home/zkh/.config/hypr/conf/keybindings/default.conf not found in AST tracker
2026-01-10 21:19:55.868 [error] [Extension Host] Document /home/zkh/.config/hypr/conf/keybindings/default.conf not found in AST tracker
2026-01-10 21:19:56.051 [error] [Extension Host] Document /home/zkh/.config/hypr/conf/keybindings/default.conf not found in AST tracker
2026-01-10 21:19:56.220 [error] [Extension Host] Document /home/zkh/.config/hypr/conf/keybindings/default.conf not found in AST tracker
2026-01-10 21:19:56.405 [error] [Extension Host] Document /home/zkh/.config/hypr/conf/keybindings/default.conf not found in AST tracker
2026-01-10 21:19:56.598 [error] [Extension Host] Document /home/zkh/.config/hypr/conf/keybindings/default.conf not found in AST tracker
2026-01-10 21:19:56.982 [error] [Extension Host] Document /home/zkh/.config/hypr/conf/keybindings/default.conf not found in AST tracker
2026-01-10 21:19:57.386 [error] [Extension Host] Document /home/zkh/.config/hypr/conf/keybindings/default.conf not found in AST tracker
2026-01-10 21:20:05.571 [error] [Extension Host] Document /home/zkh/.config/hypr/conf/keybindings/default.conf not found in AST tracker
2026-01-10 21:20:06.836 [error] [Extension Host] Document /home/zkh/.config/hypr/conf/keybindings/default.conf not found in AST tracker
2026-01-10 21:20:10.075 [error] [Extension Host] Document /home/zkh/.config/hypr/conf/keybindings/default.conf not found in AST tracker
2026-01-10 21:21:02.029 [error] [Extension Host] Document /home/zkh/.config/hypr/conf/keybindings/default.conf not found in AST tracker
2026-01-10 21:21:14.637 [error] [Extension Host] Document /home/zkh/.config/hypr/conf/keybindings/default.conf not found in AST tracker
2026-01-10 21:21:15.227 [error] [Extension Host] Document /home/zkh/.config/hypr/conf/keybindings/default.conf not found in AST tracker
2026-01-10 21:21:15.309 [error] [Extension Host] Document /home/zkh/.config/hypr/conf/keybindings/default.conf not found in AST tracker
2026-01-10 21:21:15.309 [error] [Extension Host] Document /home/zkh/.config/hypr/conf/keybindings/default.conf not found in AST tracker
2026-01-10 21:21:15.403 [error] [Extension Host] Document /home/zkh/.config/hypr/conf/keybindings/default.conf not found in AST tracker
2026-01-10 21:21:15.403 [error] [Extension Host] Document /home/zkh/.config/hypr/conf/keybindings/default.conf not found in AST tracker
2026-01-10 21:21:15.472 [error] [Extension Host] Document /home/zkh/.config/hypr/conf/keybindings/default.conf not found in AST tracker
2026-01-10 21:21:15.472 [error] [Extension Host] Document /home/zkh/.config/hypr/conf/keybindings/default.conf not found in AST tracker
2026-01-10 21:21:15.553 [error] [Extension Host] Document /home/zkh/.config/hypr/conf/keybindings/default.conf not found in AST tracker
2026-01-10 21:21:15.553 [error] [Extension Host] Document /home/zkh/.config/hypr/conf/keybindings/default.conf not found in AST tracker
2026-01-10 21:21:15.634 [error] [Extension Host] Document /home/zkh/.config/hypr/conf/keybindings/default.conf not found in AST tracker
2026-01-10 21:21:15.634 [error] [Extension Host] Document /home/zkh/.config/hypr/conf/keybindings/default.conf not found in AST tracker
2026-01-10 21:21:15.719 [error] [Extension Host] Document /home/zkh/.config/hypr/conf/keybindings/default.conf not found in AST tracker
2026-01-10 21:21:15.720 [error] [Extension Host] Document /home/zkh/.config/hypr/conf/keybindings/default.conf not found in AST tracker
2026-01-10 21:21:15.797 [error] [Extension Host] Document /home/zkh/.config/hypr/conf/keybindings/default.conf not found in AST tracker
2026-01-10 21:21:15.797 [error] [Extension Host] Document /home/zkh/.config/hypr/conf/keybindings/default.conf not found in AST tracker
2026-01-10 21:21:15.886 [error] [Extension Host] Document /home/zkh/.config/hypr/conf/keybindings/default.conf not found in AST tracker
2026-01-10 21:21:15.886 [error] [Extension Host] Document /home/zkh/.config/hypr/conf/keybindings/default.conf not found in AST tracker
2026-01-10 21:21:15.960 [error] [Extension Host] Document /home/zkh/.config/hypr/conf/keybindings/default.conf not found in AST tracker
2026-01-10 21:21:15.960 [error] [Extension Host] Document /home/zkh/.config/hypr/conf/keybindings/default.conf not found in AST tracker
2026-01-10 21:21:16.053 [error] [Extension Host] Document /home/zkh/.config/hypr/conf/keybindings/default.conf not found in AST tracker
2026-01-10 21:21:16.053 [error] [Extension Host] Document /home/zkh/.config/hypr/conf/keybindings/default.conf not found in AST tracker
2026-01-10 21:21:16.122 [error] [Extension Host] Document /home/zkh/.config/hypr/conf/keybindings/default.conf not found in AST tracker
2026-01-10 21:21:16.122 [error] [Extension Host] Document /home/zkh/.config/hypr/conf/keybindings/default.conf not found in AST tracker
2026-01-10 21:21:16.204 [error] [Extension Host] Document /home/zkh/.config/hypr/conf/keybindings/default.conf not found in AST tracker
2026-01-10 21:21:16.204 [error] [Extension Host] Document /home/zkh/.config/hypr/conf/keybindings/default.conf not found in AST tracker
2026-01-10 21:21:16.286 [error] [Extension Host] Document /home/zkh/.config/hypr/conf/keybindings/default.conf not found in AST tracker
2026-01-10 21:21:16.286 [error] [Extension Host] Document /home/zkh/.config/hypr/conf/keybindings/default.conf not found in AST tracker
2026-01-10 21:21:16.366 [error] [Extension Host] Document /home/zkh/.config/hypr/conf/keybindings/default.conf not found in AST tracker
2026-01-10 21:21:16.366 [error] [Extension Host] Document /home/zkh/.config/hypr/conf/keybindings/default.conf not found in AST tracker
2026-01-10 21:21:16.453 [error] [Extension Host] Document /home/zkh/.config/hypr/conf/keybindings/default.conf not found in AST tracker
2026-01-10 21:21:16.453 [error] [Extension Host] Document /home/zkh/.config/hypr/conf/keybindings/default.conf not found in AST tracker
2026-01-10 21:21:16.529 [error] [Extension Host] Document /home/zkh/.config/hypr/conf/keybindings/default.conf not found in AST tracker
2026-01-10 21:21:16.529 [error] [Extension Host] Document /home/zkh/.config/hypr/conf/keybindings/default.conf not found in AST tracker
2026-01-10 21:21:16.611 [error] [Extension Host] Document /home/zkh/.config/hypr/conf/keybindings/default.conf not found in AST tracker
2026-01-10 21:21:16.611 [error] [Extension Host] Document /home/zkh/.config/hypr/conf/keybindings/default.conf not found in AST tracker
2026-01-10 21:21:16.692 [error] [Extension Host] Document /home/zkh/.config/hypr/conf/keybindings/default.conf not found in AST tracker
2026-01-10 21:21:16.692 [error] [Extension Host] Document /home/zkh/.config/hypr/conf/keybindings/default.conf not found in AST tracker
2026-01-10 21:21:16.786 [error] [Extension Host] Document /home/zkh/.config/hypr/conf/keybindings/default.conf not found in AST tracker
2026-01-10 21:21:16.786 [error] [Extension Host] Document /home/zkh/.config/hypr/conf/keybindings/default.conf not found in AST tracker
2026-01-10 21:21:16.855 [error] [Extension Host] Document /home/zkh/.config/hypr/conf/keybindings/default.conf not found in AST tracker
2026-01-10 21:21:16.855 [error] [Extension Host] Document /home/zkh/.config/hypr/conf/keybindings/default.conf not found in AST tracker
2026-01-10 21:21:16.937 [error] [Extension Host] Document /home/zkh/.config/hypr/conf/keybindings/default.conf not found in AST tracker
2026-01-10 21:21:16.937 [error] [Extension Host] Document /home/zkh/.config/hypr/conf/keybindings/default.conf not found in AST tracker
2026-01-10 21:21:17.017 [error] [Extension Host] Document /home/zkh/.config/hypr/conf/keybindings/default.conf not found in AST tracker
2026-01-10 21:21:17.017 [error] [Extension Host] Document /home/zkh/.config/hypr/conf/keybindings/default.conf not found in AST tracker
2026-01-10 21:21:17.098 [error] [Extension Host] Document /home/zkh/.config/hypr/conf/keybindings/default.conf not found in AST tracker
2026-01-10 21:21:17.099 [error] [Extension Host] Document /home/zkh/.config/hypr/conf/keybindings/default.conf not found in AST tracker
2026-01-10 21:21:17.186 [error] [Extension Host] Document /home/zkh/.config/hypr/conf/keybindings/default.conf not found in AST tracker
2026-01-10 21:21:17.187 [error] [Extension Host] Document /home/zkh/.config/hypr/conf/keybindings/default.conf not found in AST tracker
2026-01-10 21:21:17.261 [error] [Extension Host] Document /home/zkh/.config/hypr/conf/keybindings/default.conf not found in AST tracker
2026-01-10 21:21:17.261 [error] [Extension Host] Document /home/zkh/.config/hypr/conf/keybindings/default.conf not found in AST tracker
2026-01-10 21:21:17.343 [error] [Extension Host] Document /home/zkh/.config/hypr/conf/keybindings/default.conf not found in AST tracker
2026-01-10 21:21:17.343 [error] [Extension Host] Document /home/zkh/.config/hypr/conf/keybindings/default.conf not found in AST tracker
2026-01-10 21:21:17.731 [error] [Extension Host] Document /home/zkh/.config/hypr/conf/keybindings/default.conf not found in AST tracker
2026-01-10 21:21:21.887 [error] [Extension Host] Document /home/zkh/.config/hypr/conf/keybindings/default.conf not found in AST tracker
2026-01-10 21:21:21.887 [error] [Extension Host] Document /home/zkh/.config/hypr/conf/keybindings/default.conf not found in AST tracker
2026-01-10 21:21:21.962 [error] [Extension Host] Document /home/zkh/.config/hypr/conf/keybindings/default.conf not found in AST tracker
2026-01-10 21:21:21.963 [error] [Extension Host] Document /home/zkh/.config/hypr/conf/keybindings/default.conf not found in AST tracker
2026-01-10 21:21:22.054 [error] [Extension Host] Document /home/zkh/.config/hypr/conf/keybindings/default.conf not found in AST tracker
2026-01-10 21:21:22.054 [error] [Extension Host] Document /home/zkh/.config/hypr/conf/keybindings/default.conf not found in AST tracker
2026-01-10 21:21:22.125 [error] [Extension Host] Document /home/zkh/.config/hypr/conf/keybindings/default.conf not found in AST tracker
2026-01-10 21:21:22.125 [error] [Extension Host] Document /home/zkh/.config/hypr/conf/keybindings/default.conf not found in AST tracker
2026-01-10 21:21:22.220 [error] [Extension Host] Document /home/zkh/.config/hypr/conf/keybindings/default.conf not found in AST tracker
2026-01-10 21:21:22.220 [error] [Extension Host] Document /home/zkh/.config/hypr/conf/keybindings/default.conf not found in AST tracker
2026-01-10 21:21:22.287 [error] [Extension Host] Document /home/zkh/.config/hypr/conf/keybindings/default.conf not found in AST tracker
2026-01-10 21:21:22.287 [error] [Extension Host] Document /home/zkh/.config/hypr/conf/keybindings/default.conf not found in AST tracker
2026-01-10 21:21:22.369 [error] [Extension Host] Document /home/zkh/.config/hypr/conf/keybindings/default.conf not found in AST tracker
2026-01-10 21:21:22.369 [error] [Extension Host] Document /home/zkh/.config/hypr/conf/keybindings/default.conf not found in AST tracker
2026-01-10 21:21:22.450 [error] [Extension Host] Document /home/zkh/.config/hypr/conf/keybindings/default.conf not found in AST tracker
2026-01-10 21:21:22.450 [error] [Extension Host] Document /home/zkh/.config/hypr/conf/keybindings/default.conf not found in AST tracker
2026-01-10 21:21:22.690 [error] [Extension Host] Document /home/zkh/.config/hypr/conf/keybindings/default.conf not found in AST tracker
2026-01-10 21:21:22.690 [error] [Extension Host] Document /home/zkh/.config/hypr/conf/keybindings/default.conf not found in AST tracker
2026-01-10 21:21:23.291 [error] [Extension Host] Document /home/zkh/.config/hypr/conf/keybindings/default.conf not found in AST tracker
2026-01-10 21:21:23.387 [error] [Extension Host] Document /home/zkh/.config/hypr/conf/keybindings/default.conf not found in AST tracker
2026-01-10 21:21:23.387 [error] [Extension Host] Document /home/zkh/.config/hypr/conf/keybindings/default.conf not found in AST tracker
2026-01-10 21:21:23.454 [error] [Extension Host] Document /home/zkh/.config/hypr/conf/keybindings/default.conf not found in AST tracker
2026-01-10 21:21:23.454 [error] [Extension Host] Document /home/zkh/.config/hypr/conf/keybindings/default.conf not found in AST tracker
2026-01-10 21:21:23.534 [error] [Extension Host] Document /home/zkh/.config/hypr/conf/keybindings/default.conf not found in AST tracker
2026-01-10 21:21:23.534 [error] [Extension Host] Document /home/zkh/.config/hypr/conf/keybindings/default.conf not found in AST tracker
2026-01-10 21:21:23.616 [error] [Extension Host] Document /home/zkh/.config/hypr/conf/keybindings/default.conf not found in AST tracker
2026-01-10 21:21:23.616 [error] [Extension Host] Document /home/zkh/.config/hypr/conf/keybindings/default.conf not found in AST tracker
2026-01-10 21:21:23.704 [error] [Extension Host] Document /home/zkh/.config/hypr/conf/keybindings/default.conf not found in AST tracker
2026-01-10 21:21:23.704 [error] [Extension Host] Document /home/zkh/.config/hypr/conf/keybindings/default.conf not found in AST tracker
2026-01-10 21:21:23.920 [error] [Extension Host] Document /home/zkh/.config/hypr/conf/keybindings/default.conf not found in AST tracker
2026-01-10 21:21:23.921 [error] [Extension Host] Document /home/zkh/.config/hypr/conf/keybindings/default.conf not found in AST tracker
2026-01-10 21:21:24.318 [error] [Extension Host] Document /home/zkh/.config/hypr/conf/keybindings/default.conf not found in AST tracker
2026-01-10 21:21:24.604 [error] [Extension Host] Document /home/zkh/.config/hypr/conf/keybindings/default.conf not found in AST tracker
2026-01-10 21:21:24.788 [error] [Extension Host] Document /home/zkh/.config/hypr/conf/keybindings/default.conf not found in AST tracker
2026-01-10 21:21:25.188 [error] [Extension Host] Document /home/zkh/.config/hypr/conf/keybindings/default.conf not found in AST tracker
2026-01-10 21:21:25.442 [error] [Extension Host] Document /home/zkh/.config/hypr/conf/keybindings/default.conf not found in AST tracker
2026-01-10 21:21:25.744 [error] [Extension Host] Document /home/zkh/.config/hypr/conf/keybindings/default.conf not found in AST tracker
2026-01-10 21:21:25.988 [error] [Extension Host] Document /home/zkh/.config/hypr/conf/keybindings/default.conf not found in AST tracker
2026-01-10 21:21:26.348 [error] [Extension Host] Document /home/zkh/.config/hypr/conf/keybindings/default.conf not found in AST tracker
2026-01-10 21:21:36.789 [error] [Extension Host] Document /home/zkh/.config/hypr/conf/keybindings/default.conf not found in AST tracker
2026-01-10 21:21:37.391 [error] [Extension Host] Document /home/zkh/.config/hypr/conf/keybindings/default.conf not found in AST tracker
2026-01-10 21:21:37.488 [error] [Extension Host] Document /home/zkh/.config/hypr/conf/keybindings/default.conf not found in AST tracker
2026-01-10 21:21:37.488 [error] [Extension Host] Document /home/zkh/.config/hypr/conf/keybindings/default.conf not found in AST tracker
2026-01-10 21:21:37.555 [error] [Extension Host] Document /home/zkh/.config/hypr/conf/keybindings/default.conf not found in AST tracker
2026-01-10 21:21:37.555 [error] [Extension Host] Document /home/zkh/.config/hypr/conf/keybindings/default.conf not found in AST tracker
2026-01-10 21:21:37.634 [error] [Extension Host] Document /home/zkh/.config/hypr/conf/keybindings/default.conf not found in AST tracker
2026-01-10 21:21:37.634 [error] [Extension Host] Document /home/zkh/.config/hypr/conf/keybindings/default.conf not found in AST tracker
2026-01-10 21:21:37.721 [error] [Extension Host] Document /home/zkh/.config/hypr/conf/keybindings/default.conf not found in AST tracker
2026-01-10 21:21:37.721 [error] [Extension Host] Document /home/zkh/.config/hypr/conf/keybindings/default.conf not found in AST tracker
2026-01-10 21:21:37.797 [error] [Extension Host] Document /home/zkh/.config/hypr/conf/keybindings/default.conf not found in AST tracker
2026-01-10 21:21:37.797 [error] [Extension Host] Document /home/zkh/.config/hypr/conf/keybindings/default.conf not found in AST tracker
2026-01-10 21:21:37.879 [error] [Extension Host] Document /home/zkh/.config/hypr/conf/keybindings/default.conf not found in AST tracker
2026-01-10 21:21:37.879 [error] [Extension Host] Document /home/zkh/.config/hypr/conf/keybindings/default.conf not found in AST tracker
2026-01-10 21:21:39.021 [error] [Extension Host] Document /home/zkh/.config/hypr/conf/keybindings/default.conf not found in AST tracker
2026-01-10 21:21:39.021 [error] [Extension Host] Document /home/zkh/.config/hypr/conf/keybindings/default.conf not found in AST tracker
2026-01-10 21:21:39.217 [error] [Extension Host] Document /home/zkh/.config/hypr/conf/keybindings/default.conf not found in AST tracker
2026-01-10 21:21:39.406 [error] [Extension Host] Document /home/zkh/.config/hypr/conf/keybindings/default.conf not found in AST tracker
2026-01-10 21:21:39.532 [error] [Extension Host] Document /home/zkh/.config/hypr/conf/keybindings/default.conf not found in AST tracker
2026-01-10 21:21:39.867 [error] [Extension Host] Document /home/zkh/.config/hypr/conf/keybindings/default.conf not found in AST tracker
2026-01-10 21:21:40.150 [error] [Extension Host] Document /home/zkh/.config/hypr/conf/keybindings/default.conf not found in AST tracker
2026-01-10 21:21:40.532 [error] [Extension Host] Document /home/zkh/.config/hypr/conf/keybindings/default.conf not found in AST tracker
2026-01-10 21:21:49.665 [error] [Extension Host] Document /home/zkh/.config/hypr/conf/keybindings/default.conf not found in AST tracker
2026-01-10 21:21:49.763 [error] [Extension Host] Document /home/zkh/.config/hypr/conf/keybindings/default.conf not found in AST tracker
2026-01-10 21:21:49.956 [error] [Extension Host] Document /home/zkh/.config/hypr/conf/keybindings/default.conf not found in AST tracker
2026-01-10 21:21:50.112 [error] [Extension Host] Document /home/zkh/.config/hypr/conf/keybindings/default.conf not found in AST tracker
2026-01-10 21:21:50.252 [error] [Extension Host] Document /home/zkh/.config/hypr/conf/keybindings/default.conf not found in AST tracker
2026-01-10 21:21:50.356 [error] [Extension Host] Document /home/zkh/.config/hypr/conf/keybindings/default.conf not found in AST tracker
2026-01-10 21:21:50.510 [error] [Extension Host] Document /home/zkh/.config/hypr/conf/keybindings/default.conf not found in AST tracker
2026-01-10 21:21:50.628 [error] [Extension Host] Document /home/zkh/.config/hypr/conf/keybindings/default.conf not found in AST tracker
2026-01-10 21:21:56.282 [error] [Extension Host] Document /home/zkh/.config/hypr/conf/keybindings/default.conf not found in AST tracker
2026-01-10 21:21:56.369 [error] [Extension Host] Document /home/zkh/.config/hypr/conf/keybindings/default.conf not found in AST tracker
2026-01-10 21:21:56.522 [error] [Extension Host] Document /home/zkh/.config/hypr/conf/keybindings/default.conf not found in AST tracker
2026-01-10 21:21:56.692 [error] [Extension Host] Document /home/zkh/.config/hypr/conf/keybindings/default.conf not found in AST tracker
2026-01-10 21:21:56.847 [error] [Extension Host] Document /home/zkh/.config/hypr/conf/keybindings/default.conf not found in AST tracker
2026-01-10 21:21:56.960 [error] [Extension Host] Document /home/zkh/.config/hypr/conf/keybindings/default.conf not found in AST tracker
2026-01-10 21:21:57.108 [error] [Extension Host] Document /home/zkh/.config/hypr/conf/keybindings/default.conf not found in AST tracker
2026-01-10 21:21:57.292 [error] [Extension Host] Document /home/zkh/.config/hypr/conf/keybindings/default.conf not found in AST tracker
2026-01-10 21:21:57.440 [error] [Extension Host] Document /home/zkh/.config/hypr/conf/keybindings/default.conf not found in AST tracker
2026-01-10 21:21:57.679 [error] [Extension Host] Document /home/zkh/.config/hypr/conf/keybindings/default.conf not found in AST tracker
2026-01-10 21:25:53.742 [error] [Extension Host] Document /home/zkh/.config/hypr/conf/keybindings/default.conf not found in AST tracker
2026-01-10 21:26:05.482 [error] [Extension Host] Document /home/zkh/.config/hypr/conf/keybindings/default.conf not found in AST tracker
2026-01-10 21:26:05.614 [error] [Extension Host] Document /home/zkh/.config/hypr/conf/keybindings/default.conf not found in AST tracker
2026-01-10 21:26:05.757 [error] [Extension Host] Document /home/zkh/.config/hypr/conf/keybindings/default.conf not found in AST tracker
2026-01-10 21:26:05.911 [error] [Extension Host] Document /home/zkh/.config/hypr/conf/keybindings/default.conf not found in AST tracker
2026-01-10 21:26:06.059 [error] [Extension Host] Document /home/zkh/.config/hypr/conf/keybindings/default.conf not found in AST tracker
2026-01-10 21:26:06.227 [error] [Extension Host] Document /home/zkh/.config/hypr/conf/keybindings/default.conf not found in AST tracker
2026-01-10 21:26:06.382 [error] [Extension Host] Document /home/zkh/.config/hypr/conf/keybindings/default.conf not found in AST tracker
2026-01-10 21:26:06.559 [error] [Extension Host] Document /home/zkh/.config/hypr/conf/keybindings/default.conf not found in AST tracker
2026-01-10 21:26:06.704 [error] [Extension Host] Document /home/zkh/.config/hypr/conf/keybindings/default.conf not found in AST tracker
2026-01-10 21:26:06.863 [error] [Extension Host] Document /home/zkh/.config/hypr/conf/keybindings/default.conf not found in AST tracker
2026-01-10 21:26:11.307 [error] [Extension Host] Document /home/zkh/.config/hypr/conf/keybindings/default.conf not found in AST tracker
