2025-11-28 20:36:28.074 [info] Started local extension host with pid 14800.
2025-11-28 20:36:28.355 [info] [Continue.continue]: Command `continue.focusContinueInput` already registered by Continue - open-source AI code agent (Continue.continue)
2025-11-28 20:36:28.764 [error] Cannot read properties of undefined (reading 'extensionId'): TypeError: Cannot read properties of undefined (reading 'extensionId')
    at t (vscode-file://vscode-app/opt/vscodium-bin/resources/app/out/vs/workbench/workbench.desktop.main.js:4125:2745)
    at _Dt.recommendRemoteExtensionIfNeeded (vscode-file://vscode-app/opt/vscodium-bin/resources/app/out/vs/workbench/workbench.desktop.main.js:4125:3497)
2025-11-28 20:36:30.052 [warning] Authentication provider continue was not declared in the Extension Manifest.
2025-11-28 20:36:30.054 [error] [Extension Host] (node:14800) [DEP0040] DeprecationWarning: The `punycode` module is deprecated. Please use a userland alternative instead.
(Use `exe --trace-deprecation ...` to show where the warning was created)
2025-11-28 20:36:30.057 [error] [Extension Host] Document /home/zkh/.mydotfiles/com.ml4w.dotfiles/.config/hypr/conf/keybindings/default.conf not found in AST tracker
2025-11-28 20:36:30.058 [error] [Extension Host] Failed to register Continue config.yaml schema, most likely, YAML extension is not installed CodeExpectedError: Unable to write to User Settings because yaml.schemas is not a registered configuration.
    at Fxt.toConfigurationEditingError (vscode-file://vscode-app/opt/vscodium-bin/resources/app/out/vs/workbench/workbench.desktop.main.js:3825:8351)
    at Fxt.validate (vscode-file://vscode-app/opt/vscodium-bin/resources/app/out/vs/workbench/workbench.desktop.main.js:3825:11157)
    at Fxt.doWriteConfiguration (vscode-file://vscode-app/opt/vscodium-bin/resources/app/out/vs/workbench/workbench.desktop.main.js:3825:4720)
    at Object.factory (vscode-file://vscode-app/opt/vscodium-bin/resources/app/out/vs/workbench/workbench.desktop.main.js:3825:4576)
    at J_.consume (vscode-file://vscode-app/opt/vscodium-bin/resources/app/out/vs/workbench/workbench.desktop.main.js:30:77696)
    at vscode-file://vscode-app/opt/vscodium-bin/resources/app/out/vs/workbench/workbench.desktop.main.js:30:77511
    at new Promise (<anonymous>)
    at J_.queue (vscode-file://vscode-app/opt/vscodium-bin/resources/app/out/vs/workbench/workbench.desktop.main.js:30:77435)
    at Fxt.writeConfiguration (vscode-file://vscode-app/opt/vscodium-bin/resources/app/out/vs/workbench/workbench.desktop.main.js:3825:4545)
    at ivn.writeConfigurationValue (vscode-file://vscode-app/opt/vscodium-bin/resources/app/out/vs/workbench/workbench.desktop.main.js:3825:61506)
2025-11-28 20:36:30.159 [error] [Extension Host] Document /home/zkh/.mydotfiles/com.ml4w.dotfiles/.config/hypr/conf/keybindings/default.conf not found in AST tracker
2025-11-28 20:36:30.160 [error] [Extension Host] Document /home/zkh/.mydotfiles/com.ml4w.dotfiles/.config/hypr/conf/keybindings/default.conf not found in AST tracker
2025-11-28 20:36:30.241 [error] [Extension Host] Document /home/zkh/.mydotfiles/com.ml4w.dotfiles/.config/hypr/conf/keybindings/default.conf not found in AST tracker
2025-11-28 20:36:30.466 [error] [Extension Host] Document /home/zkh/.mydotfiles/com.ml4w.dotfiles/.config/hypr/conf/keybindings/default.conf not found in AST tracker
2025-11-28 20:36:30.730 [error] [Extension Host] Document /home/zkh/.mydotfiles/com.ml4w.dotfiles/.config/hypr/conf/keybindings/default.conf not found in AST tracker
2025-11-28 20:36:30.826 [error] [Extension Host] Document /home/zkh/.mydotfiles/com.ml4w.dotfiles/.config/hypr/conf/keybindings/default.conf not found in AST tracker
2025-11-28 20:36:30.850 [info] [perf] Render performance baseline is 20ms
2025-11-28 20:36:30.925 [error] [Extension Host] Document /home/zkh/.mydotfiles/com.ml4w.dotfiles/.config/hypr/conf/keybindings/default.conf not found in AST tracker
2025-11-28 20:36:58.687 [error] [Extension Host] Document /home/zkh/.mydotfiles/com.ml4w.dotfiles/.config/hypr/conf/keybindings/default.conf not found in AST tracker
2025-11-28 20:37:06.984 [error] [Extension Host] Document /home/zkh/.mydotfiles/com.ml4w.dotfiles/.config/hypr/conf/keybindings/default.conf not found in AST tracker
2025-11-28 20:37:07.497 [error] [Extension Host] Document /home/zkh/.mydotfiles/com.ml4w.dotfiles/.config/hypr/conf/keybindings/default.conf not found in AST tracker
2025-11-28 20:37:07.796 [error] [Extension Host] Document /home/zkh/.mydotfiles/com.ml4w.dotfiles/.config/hypr/conf/keybindings/default.conf not found in AST tracker
2025-11-28 20:40:26.614 [error] [Extension Host] Document /home/zkh/.mydotfiles/com.ml4w.dotfiles/.config/hypr/conf/keybindings/default.conf not found in AST tracker
2025-11-28 20:40:28.910 [error] [Extension Host] Document /home/zkh/.mydotfiles/com.ml4w.dotfiles/.config/hypr/conf/keybindings/default.conf not found in AST tracker
2025-11-28 20:40:29.084 [error] [Extension Host] Document /home/zkh/.mydotfiles/com.ml4w.dotfiles/.config/hypr/conf/keybindings/default.conf not found in AST tracker
2025-11-28 20:40:29.172 [error] [Extension Host] Document /home/zkh/.mydotfiles/com.ml4w.dotfiles/.config/hypr/conf/keybindings/default.conf not found in AST tracker
2025-11-28 20:40:29.272 [error] [Extension Host] Document /home/zkh/.mydotfiles/com.ml4w.dotfiles/.config/hypr/conf/keybindings/default.conf not found in AST tracker
2025-11-28 20:40:29.498 [error] [Extension Host] Document /home/zkh/.mydotfiles/com.ml4w.dotfiles/.config/hypr/conf/keybindings/default.conf not found in AST tracker
2025-11-28 20:40:29.714 [error] [Extension Host] Document /home/zkh/.mydotfiles/com.ml4w.dotfiles/.config/hypr/conf/keybindings/default.conf not found in AST tracker
2025-11-28 20:40:29.848 [error] [Extension Host] Document /home/zkh/.mydotfiles/com.ml4w.dotfiles/.config/hypr/conf/keybindings/default.conf not found in AST tracker
2025-11-28 20:40:29.928 [error] [Extension Host] Document /home/zkh/.mydotfiles/com.ml4w.dotfiles/.config/hypr/conf/keybindings/default.conf not found in AST tracker
2025-11-28 20:40:38.418 [error] [Extension Host] Document /home/zkh/.mydotfiles/com.ml4w.dotfiles/.config/hypr/conf/keybindings/default.conf not found in AST tracker
2025-11-28 20:40:38.561 [error] [Extension Host] Document /home/zkh/.mydotfiles/com.ml4w.dotfiles/.config/hypr/conf/keybindings/default.conf not found in AST tracker
2025-11-28 20:40:38.712 [error] [Extension Host] Document /home/zkh/.mydotfiles/com.ml4w.dotfiles/.config/hypr/conf/keybindings/default.conf not found in AST tracker
2025-11-28 20:40:45.462 [error] [Extension Host] Document /home/zkh/.mydotfiles/com.ml4w.dotfiles/.config/hypr/conf/keybindings/default.conf not found in AST tracker
2025-11-28 20:40:45.559 [error] [Extension Host] Document /home/zkh/.mydotfiles/com.ml4w.dotfiles/.config/hypr/conf/keybindings/default.conf not found in AST tracker
2025-11-28 20:40:45.559 [error] [Extension Host] Document /home/zkh/.mydotfiles/com.ml4w.dotfiles/.config/hypr/conf/keybindings/default.conf not found in AST tracker
2025-11-28 20:40:45.625 [error] [Extension Host] Document /home/zkh/.mydotfiles/com.ml4w.dotfiles/.config/hypr/conf/keybindings/default.conf not found in AST tracker
2025-11-28 20:40:45.626 [error] [Extension Host] Document /home/zkh/.mydotfiles/com.ml4w.dotfiles/.config/hypr/conf/keybindings/default.conf not found in AST tracker
2025-11-28 20:40:45.704 [error] [Extension Host] Document /home/zkh/.mydotfiles/com.ml4w.dotfiles/.config/hypr/conf/keybindings/default.conf not found in AST tracker
2025-11-28 20:40:45.705 [error] [Extension Host] Document /home/zkh/.mydotfiles/com.ml4w.dotfiles/.config/hypr/conf/keybindings/default.conf not found in AST tracker
2025-11-28 20:40:45.792 [error] [Extension Host] Document /home/zkh/.mydotfiles/com.ml4w.dotfiles/.config/hypr/conf/keybindings/default.conf not found in AST tracker
2025-11-28 20:40:45.792 [error] [Extension Host] Document /home/zkh/.mydotfiles/com.ml4w.dotfiles/.config/hypr/conf/keybindings/default.conf not found in AST tracker
2025-11-28 20:40:45.867 [error] [Extension Host] Document /home/zkh/.mydotfiles/com.ml4w.dotfiles/.config/hypr/conf/keybindings/default.conf not found in AST tracker
2025-11-28 20:40:45.867 [error] [Extension Host] Document /home/zkh/.mydotfiles/com.ml4w.dotfiles/.config/hypr/conf/keybindings/default.conf not found in AST tracker
2025-11-28 20:40:45.949 [error] [Extension Host] Document /home/zkh/.mydotfiles/com.ml4w.dotfiles/.config/hypr/conf/keybindings/default.conf not found in AST tracker
2025-11-28 20:40:45.949 [error] [Extension Host] Document /home/zkh/.mydotfiles/com.ml4w.dotfiles/.config/hypr/conf/keybindings/default.conf not found in AST tracker
2025-11-28 20:40:46.042 [error] [Extension Host] Document /home/zkh/.mydotfiles/com.ml4w.dotfiles/.config/hypr/conf/keybindings/default.conf not found in AST tracker
2025-11-28 20:40:46.042 [error] [Extension Host] Document /home/zkh/.mydotfiles/com.ml4w.dotfiles/.config/hypr/conf/keybindings/default.conf not found in AST tracker
2025-11-28 20:40:46.110 [error] [Extension Host] Document /home/zkh/.mydotfiles/com.ml4w.dotfiles/.config/hypr/conf/keybindings/default.conf not found in AST tracker
2025-11-28 20:40:46.111 [error] [Extension Host] Document /home/zkh/.mydotfiles/com.ml4w.dotfiles/.config/hypr/conf/keybindings/default.conf not found in AST tracker
2025-11-28 20:40:46.192 [error] [Extension Host] Document /home/zkh/.mydotfiles/com.ml4w.dotfiles/.config/hypr/conf/keybindings/default.conf not found in AST tracker
2025-11-28 20:40:46.192 [error] [Extension Host] Document /home/zkh/.mydotfiles/com.ml4w.dotfiles/.config/hypr/conf/keybindings/default.conf not found in AST tracker
2025-11-28 20:40:46.275 [error] [Extension Host] Document /home/zkh/.mydotfiles/com.ml4w.dotfiles/.config/hypr/conf/keybindings/default.conf not found in AST tracker
2025-11-28 20:40:46.276 [error] [Extension Host] Document /home/zkh/.mydotfiles/com.ml4w.dotfiles/.config/hypr/conf/keybindings/default.conf not found in AST tracker
2025-11-28 20:40:46.354 [error] [Extension Host] Document /home/zkh/.mydotfiles/com.ml4w.dotfiles/.config/hypr/conf/keybindings/default.conf not found in AST tracker
2025-11-28 20:40:46.355 [error] [Extension Host] Document /home/zkh/.mydotfiles/com.ml4w.dotfiles/.config/hypr/conf/keybindings/default.conf not found in AST tracker
2025-11-28 20:40:46.442 [error] [Extension Host] Document /home/zkh/.mydotfiles/com.ml4w.dotfiles/.config/hypr/conf/keybindings/default.conf not found in AST tracker
2025-11-28 20:40:46.442 [error] [Extension Host] Document /home/zkh/.mydotfiles/com.ml4w.dotfiles/.config/hypr/conf/keybindings/default.conf not found in AST tracker
2025-11-28 20:40:46.517 [error] [Extension Host] Document /home/zkh/.mydotfiles/com.ml4w.dotfiles/.config/hypr/conf/keybindings/default.conf not found in AST tracker
2025-11-28 20:40:46.517 [error] [Extension Host] Document /home/zkh/.mydotfiles/com.ml4w.dotfiles/.config/hypr/conf/keybindings/default.conf not found in AST tracker
2025-11-28 20:40:46.599 [error] [Extension Host] Document /home/zkh/.mydotfiles/com.ml4w.dotfiles/.config/hypr/conf/keybindings/default.conf not found in AST tracker
2025-11-28 20:40:46.599 [error] [Extension Host] Document /home/zkh/.mydotfiles/com.ml4w.dotfiles/.config/hypr/conf/keybindings/default.conf not found in AST tracker
2025-11-28 20:40:46.760 [error] [Extension Host] Document /home/zkh/.mydotfiles/com.ml4w.dotfiles/.config/hypr/conf/keybindings/default.conf not found in AST tracker
2025-11-28 20:40:46.998 [error] [Extension Host] Document /home/zkh/.mydotfiles/com.ml4w.dotfiles/.config/hypr/conf/keybindings/default.conf not found in AST tracker
2025-11-28 20:40:47.133 [error] [Extension Host] Document /home/zkh/.mydotfiles/com.ml4w.dotfiles/.config/hypr/conf/keybindings/default.conf not found in AST tracker
2025-11-28 20:40:47.246 [error] [Extension Host] Document /home/zkh/.mydotfiles/com.ml4w.dotfiles/.config/hypr/conf/keybindings/default.conf not found in AST tracker
2025-11-28 20:40:47.393 [error] [Extension Host] Document /home/zkh/.mydotfiles/com.ml4w.dotfiles/.config/hypr/conf/keybindings/default.conf not found in AST tracker
2025-11-28 20:40:47.518 [error] [Extension Host] Document /home/zkh/.mydotfiles/com.ml4w.dotfiles/.config/hypr/conf/keybindings/default.conf not found in AST tracker
2025-11-28 20:40:47.870 [error] [Extension Host] Document /home/zkh/.mydotfiles/com.ml4w.dotfiles/.config/hypr/conf/keybindings/default.conf not found in AST tracker
2025-11-28 20:41:41.076 [error] [Extension Host] Document /home/zkh/.mydotfiles/com.ml4w.dotfiles/.config/hypr/conf/keybindings/default.conf not found in AST tracker
