2025-11-28 21:15:17.268 [info] Started local extension host with pid 39745.
2025-11-28 21:15:17.528 [info] [Continue.continue]: Command `continue.focusContinueInput` already registered by Continue - open-source AI code agent (Continue.continue)
2025-11-28 21:15:18.045 [error] Cannot read properties of undefined (reading 'extensionId'): TypeError: Cannot read properties of undefined (reading 'extensionId')
    at t (vscode-file://vscode-app/opt/vscodium-bin/resources/app/out/vs/workbench/workbench.desktop.main.js:4125:2745)
    at _Dt.recommendRemoteExtensionIfNeeded (vscode-file://vscode-app/opt/vscodium-bin/resources/app/out/vs/workbench/workbench.desktop.main.js:4125:3497)
2025-11-28 21:15:19.141 [warning] Authentication provider continue was not declared in the Extension Manifest.
2025-11-28 21:15:19.143 [error] [Extension Host] (node:39745) [DEP0040] DeprecationWarning: The `punycode` module is deprecated. Please use a userland alternative instead.
(Use `exe --trace-deprecation ...` to show where the warning was created)
2025-11-28 21:15:19.146 [error] [Extension Host] Failed to register Continue config.yaml schema, most likely, YAML extension is not installed CodeExpectedError: Unable to write to User Settings because yaml.schemas is not a registered configuration.
    at Fxt.toConfigurationEditingError (vscode-file://vscode-app/opt/vscodium-bin/resources/app/out/vs/workbench/workbench.desktop.main.js:3825:8351)
    at Fxt.validate (vscode-file://vscode-app/opt/vscodium-bin/resources/app/out/vs/workbench/workbench.desktop.main.js:3825:11157)
    at Fxt.doWriteConfiguration (vscode-file://vscode-app/opt/vscodium-bin/resources/app/out/vs/workbench/workbench.desktop.main.js:3825:4720)
    at Object.factory (vscode-file://vscode-app/opt/vscodium-bin/resources/app/out/vs/workbench/workbench.desktop.main.js:3825:4576)
    at J_.consume (vscode-file://vscode-app/opt/vscodium-bin/resources/app/out/vs/workbench/workbench.desktop.main.js:30:77696)
    at vscode-file://vscode-app/opt/vscodium-bin/resources/app/out/vs/workbench/workbench.desktop.main.js:30:77511
    at new Promise (<anonymous>)
    at J_.queue (vscode-file://vscode-app/opt/vscodium-bin/resources/app/out/vs/workbench/workbench.desktop.main.js:30:77435)
    at Fxt.writeConfiguration (vscode-file://vscode-app/opt/vscodium-bin/resources/app/out/vs/workbench/workbench.desktop.main.js:3825:4545)
    at ivn.writeConfigurationValue (vscode-file://vscode-app/opt/vscodium-bin/resources/app/out/vs/workbench/workbench.desktop.main.js:3825:61506)
2025-11-28 21:15:20.055 [info] [perf] Render performance baseline is 21ms
2025-11-28 21:15:23.657 [error] [Extension Host] Document /home/zkh/.mydotfiles/com.ml4w.dotfiles/.config/ml4w/settings/waybar-theme.sh not found in AST tracker
2025-11-28 21:15:23.794 [error] [Extension Host] Document /home/zkh/.mydotfiles/com.ml4w.dotfiles/.config/ml4w/settings/waybar-theme.sh not found in AST tracker
2025-11-28 21:15:23.957 [error] [Extension Host] Document /home/zkh/.mydotfiles/com.ml4w.dotfiles/.config/ml4w/settings/waybar-theme.sh not found in AST tracker
