2025-11-28 20:49:25.892 [info] Started local extension host with pid 18265.
2025-11-28 20:49:26.169 [info] [Continue.continue]: Command `continue.focusContinueInput` already registered by Continue - open-source AI code agent (Continue.continue)
2025-11-28 20:49:26.628 [error] Cannot read properties of undefined (reading 'extensionId'): TypeError: Cannot read properties of undefined (reading 'extensionId')
    at t (vscode-file://vscode-app/opt/vscodium-bin/resources/app/out/vs/workbench/workbench.desktop.main.js:4125:2745)
    at _Dt.recommendRemoteExtensionIfNeeded (vscode-file://vscode-app/opt/vscodium-bin/resources/app/out/vs/workbench/workbench.desktop.main.js:4125:3497)
2025-11-28 20:49:27.801 [warning] Authentication provider continue was not declared in the Extension Manifest.
2025-11-28 20:49:27.802 [error] [Extension Host] (node:18265) [DEP0040] DeprecationWarning: The `punycode` module is deprecated. Please use a userland alternative instead.
(Use `exe --trace-deprecation ...` to show where the warning was created)
2025-11-28 20:49:27.804 [error] [Extension Host] Failed to register Continue config.yaml schema, most likely, YAML extension is not installed CodeExpectedError: Unable to write to User Settings because yaml.schemas is not a registered configuration.
    at Fxt.toConfigurationEditingError (vscode-file://vscode-app/opt/vscodium-bin/resources/app/out/vs/workbench/workbench.desktop.main.js:3825:8351)
    at Fxt.validate (vscode-file://vscode-app/opt/vscodium-bin/resources/app/out/vs/workbench/workbench.desktop.main.js:3825:11157)
    at Fxt.doWriteConfiguration (vscode-file://vscode-app/opt/vscodium-bin/resources/app/out/vs/workbench/workbench.desktop.main.js:3825:4720)
    at Object.factory (vscode-file://vscode-app/opt/vscodium-bin/resources/app/out/vs/workbench/workbench.desktop.main.js:3825:4576)
    at J_.consume (vscode-file://vscode-app/opt/vscodium-bin/resources/app/out/vs/workbench/workbench.desktop.main.js:30:77696)
    at vscode-file://vscode-app/opt/vscodium-bin/resources/app/out/vs/workbench/workbench.desktop.main.js:30:77511
    at new Promise (<anonymous>)
    at J_.queue (vscode-file://vscode-app/opt/vscodium-bin/resources/app/out/vs/workbench/workbench.desktop.main.js:30:77435)
    at Fxt.writeConfiguration (vscode-file://vscode-app/opt/vscodium-bin/resources/app/out/vs/workbench/workbench.desktop.main.js:3825:4545)
    at ivn.writeConfigurationValue (vscode-file://vscode-app/opt/vscodium-bin/resources/app/out/vs/workbench/workbench.desktop.main.js:3825:61506)
2025-11-28 20:49:28.676 [info] [perf] Render performance baseline is 21ms
2025-11-28 20:50:15.628 [error] [Extension Host] Document /home/zkh/.mydotfiles/com.ml4w.dotfiles/.config/hypr/conf/keybindings/fr.conf not found in AST tracker
2025-11-28 20:50:15.807 [error] [Extension Host] Document /home/zkh/.mydotfiles/com.ml4w.dotfiles/.config/hypr/conf/keybindings/fr.conf not found in AST tracker
2025-11-28 20:50:15.902 [error] [Extension Host] Document /home/zkh/.mydotfiles/com.ml4w.dotfiles/.config/hypr/conf/keybindings/fr.conf not found in AST tracker
2025-11-28 20:50:16.022 [error] [Extension Host] Document /home/zkh/.mydotfiles/com.ml4w.dotfiles/.config/hypr/conf/keybindings/fr.conf not found in AST tracker
2025-11-28 20:50:16.200 [error] [Extension Host] Document /home/zkh/.mydotfiles/com.ml4w.dotfiles/.config/hypr/conf/keybindings/fr.conf not found in AST tracker
2025-11-28 20:50:16.281 [error] [Extension Host] Document /home/zkh/.mydotfiles/com.ml4w.dotfiles/.config/hypr/conf/keybindings/fr.conf not found in AST tracker
2025-11-28 20:50:16.401 [error] [Extension Host] Document /home/zkh/.mydotfiles/com.ml4w.dotfiles/.config/hypr/conf/keybindings/fr.conf not found in AST tracker
2025-11-28 20:50:16.711 [error] [Extension Host] Document /home/zkh/.mydotfiles/com.ml4w.dotfiles/.config/hypr/conf/keybindings/fr.conf not found in AST tracker
2025-11-28 20:50:16.838 [error] [Extension Host] Document /home/zkh/.mydotfiles/com.ml4w.dotfiles/.config/hypr/conf/keybindings/fr.conf not found in AST tracker
2025-11-28 20:50:17.383 [error] [Extension Host] Document /home/zkh/.mydotfiles/com.ml4w.dotfiles/.config/hypr/conf/keybindings/fr.conf not found in AST tracker
