2025-11-10 19:15:34 Loading main app package /usr/lib/obsidian/obsidian.asar
2025-11-10 19:15:34 Checking for update using Github
2025-11-10 19:15:34 Success.
2025-11-10 19:15:34 Latest version is 1.9.14
2025-11-10 19:15:34 App is up to date.
2025-11-10 19:20:55 Loading main app package /usr/lib/obsidian/obsidian.asar
2025-11-10 19:20:55 Checking for update using Github
2025-11-10 19:20:55 Success.
2025-11-10 19:20:55 Latest version is 1.9.14
2025-11-10 19:20:55 App is up to date.
2025-11-10 21:11:42 Loading main app package /usr/lib/obsidian/obsidian.asar
2025-11-10 21:11:42 Checking for update using Github
2025-11-10 21:11:43 Success.
2025-11-10 21:11:43 Latest version is 1.9.14
2025-11-10 21:11:43 App is up to date.
2025-11-17 19:24:46 Loading main app package /usr/lib/obsidian/obsidian.asar
2025-11-17 19:24:46 Checking for update using Github
2025-11-17 19:24:47 Success.
2025-11-17 19:24:47 Latest version is 1.10.3
2025-11-17 19:24:47 App is up to date.
2025-12-11 00:56:40 Loading main app package /usr/lib/obsidian/obsidian.asar
2025-12-11 00:56:40 Checking for update using Github
2025-12-11 00:56:40 Success.
2025-12-11 00:56:40 Latest version is 1.10.6
2025-12-11 00:56:40 App is up to date.
2025-12-22 00:14:22 Loading main app package /usr/lib/obsidian/obsidian.asar
2025-12-22 00:14:22 Checking for update using Github
2025-12-22 00:14:22 Success.
2025-12-22 00:14:22 Latest version is 1.10.6
2025-12-22 00:14:22 App is up to date.
2025-12-24 03:20:15 Loading main app package /usr/lib/obsidian/obsidian.asar
2025-12-24 03:20:15 Checking for update using Github
2025-12-24 03:20:16 Success.
2025-12-24 03:20:16 Latest version is 1.10.6
2025-12-24 03:20:16 App is up to date.
2025-12-26 23:40:28 Loading main app package /usr/lib/obsidian/obsidian.asar
2025-12-26 23:40:28 Checking for update using Github
2025-12-26 23:40:28 Success.
2025-12-26 23:40:28 Latest version is 1.10.6
2025-12-26 23:40:28 App is up to date.
2026-01-05 00:01:41 Loading main app package /usr/lib/obsidian/obsidian.asar
2026-01-05 00:01:42 Checking for update using Github
2026-01-05 00:01:42 Success.
2026-01-05 00:01:42 Latest version is 1.10.6
2026-01-05 00:01:42 App is up to date.
2026-01-05 01:01:41 Checking for update using Github
2026-01-05 01:01:42 Success.
2026-01-05 01:01:42 Latest version is 1.10.6
2026-01-05 01:01:42 App is up to date.
2026-01-10 23:09:58 Loading main app package /usr/lib/obsidian/obsidian.asar
2026-01-10 23:09:59 Checking for update using Github
2026-01-10 23:09:59 Success.
2026-01-10 23:09:59 Latest version is 1.10.6
2026-01-10 23:09:59 App is up to date.
2026-01-16 02:51:03 Loading main app package /usr/lib/obsidian/obsidian.asar
2026-01-16 02:51:03 Checking for update using Github
2026-01-16 02:51:03 Success.
2026-01-16 02:51:03 Latest version is 1.11.4
2026-01-16 02:51:03 App is up to date.
2026-01-16 02:51:12 Loading main app package /usr/lib/obsidian/obsidian.asar
2026-01-16 02:51:12 Checking for update using Github
2026-01-16 02:51:12 Success.
2026-01-16 02:51:12 Latest version is 1.11.4
2026-01-16 02:51:12 App is up to date.
2026-01-16 02:52:15 Loading main app package /usr/lib/obsidian/obsidian.asar
2026-01-16 02:52:15 Checking for update using Github
2026-01-16 02:52:15 Success.
2026-01-16 02:52:15 Latest version is 1.11.4
2026-01-16 02:52:15 App is up to date.
2026-01-16 02:52:16 Loading main app package /usr/lib/obsidian/obsidian.asar
2026-01-16 02:52:16 Checking for update using Github
2026-01-16 02:53:02 Loading main app package /usr/lib/obsidian/obsidian.asar
2026-01-16 02:53:02 Checking for update using Github
2026-01-16 02:53:02 Success.
2026-01-16 02:53:02 Latest version is 1.11.4
2026-01-16 02:53:02 App is up to date.
2026-01-16 02:54:04 Loading main app package /usr/lib/obsidian/obsidian.asar
2026-01-16 02:54:04 Checking for update using Github
2026-01-16 02:54:04 Success.
2026-01-16 02:54:04 Latest version is 1.11.4
2026-01-16 02:54:04 App is up to date.
2026-02-17 00:46:59 Loaded main app package /usr/lib/obsidian/obsidian.asar
2026-02-17 00:46:59 Checking for update using Github
2026-02-17 00:46:59 Success.
2026-02-17 00:46:59 Latest version is 1.11.7
2026-02-17 00:46:59 App is up to date.
2026-02-17 01:46:59 Checking for update using Github
2026-02-17 01:46:59 Success.
2026-02-17 01:46:59 Latest version is 1.11.7
2026-02-17 01:46:59 App is up to date.
2026-02-18 16:07:17 Loaded main app package /usr/lib/obsidian/obsidian.asar
2026-02-18 16:07:17 Checking for update using Github
2026-02-18 16:07:18 Success.
2026-02-18 16:07:18 Latest version is 1.11.7
2026-02-18 16:07:18 App is up to date.
2026-02-18 16:07:55 Loaded main app package /usr/lib/obsidian/obsidian.asar
2026-02-18 16:07:55 Checking for update using Github
2026-02-18 16:07:55 Success.
2026-02-18 16:07:55 Latest version is 1.11.7
2026-02-18 16:07:55 App is up to date.
2026-02-19 01:33:11 Loaded main app package /usr/lib/obsidian/obsidian.asar
2026-02-19 01:33:11 Checking for update using Github
2026-02-19 01:33:11 Success.
2026-02-19 01:33:11 Latest version is 1.11.7
2026-02-19 01:33:11 App is up to date.
2026-02-19 01:33:16 Loaded main app package /usr/lib/obsidian/obsidian.asar
2026-02-19 01:33:16 Checking for update using Github
2026-02-19 01:33:16 Success.
2026-02-19 01:33:16 Latest version is 1.11.7
2026-02-19 01:33:16 App is up to date.
2026-02-21 19:47:43 Loaded main app package /usr/lib/obsidian/obsidian.asar
2026-02-21 19:47:43 Checking for update using Github
2026-02-21 19:47:43 Success.
2026-02-21 19:47:43 Latest version is 1.11.7
2026-02-21 19:47:43 App is up to date.
2026-02-23 18:32:55 Loaded main app package /usr/lib/obsidian/obsidian.asar
2026-02-23 18:32:55 Checking for update using Github
2026-02-23 18:32:55 Success.
2026-02-23 18:32:55 Latest version is 1.11.7
2026-02-23 18:32:55 App is up to date.
2026-02-24 01:45:21 Loaded main app package /usr/lib/obsidian/obsidian.asar
2026-02-24 01:45:22 Checking for update using Github
2026-02-24 01:45:22 Success.
2026-02-24 01:45:22 Latest version is 1.11.7
2026-02-24 01:45:22 App is up to date.
2026-02-24 02:11:11 Loaded main app package /usr/lib/obsidian/obsidian.asar
2026-02-24 02:11:11 Checking for update using Github
2026-02-24 02:11:11 Success.
2026-02-24 02:11:11 Latest version is 1.11.7
2026-02-24 02:11:11 App is up to date.
2026-02-24 02:11:11 Loaded main app package /usr/lib/obsidian/obsidian.asar
2026-02-24 02:11:11 Checking for update using Github
2026-02-24 02:11:22 Loaded main app package /usr/lib/obsidian/obsidian.asar
2026-02-24 02:11:22 Checking for update using Github
2026-02-24 02:11:22 Success.
2026-02-24 02:11:22 Latest version is 1.11.7
2026-02-24 02:11:22 App is up to date.
2026-02-24 02:11:28 Loaded main app package /usr/lib/obsidian/obsidian.asar
2026-02-24 02:11:28 Checking for update using Github
2026-02-24 02:11:28 Success.
2026-02-24 02:11:28 Latest version is 1.11.7
2026-02-24 02:11:28 App is up to date.
2026-02-25 23:21:10 Loaded main app package /usr/lib/obsidian/obsidian.asar
2026-02-25 23:21:10 Checking for update using Github
2026-02-25 23:21:11 Loaded main app package /usr/lib/obsidian/obsidian.asar
2026-02-25 23:21:11 Checking for update using Github
2026-02-25 23:21:11 Success.
2026-02-25 23:21:11 Latest version is 1.11.7
2026-02-25 23:21:11 App is up to date.
2026-02-25 23:21:22 Loaded main app package /usr/lib/obsidian/obsidian.asar
2026-02-25 23:21:23 Checking for update using Github
2026-02-25 23:21:23 Success.
2026-02-25 23:21:23 Latest version is 1.11.7
2026-02-25 23:21:23 App is up to date.
