2025-11-28 21:09:41.209 [info] Started local extension host with pid 36592.
2025-11-28 21:09:41.487 [info] [Continue.continue]: Command `continue.focusContinueInput` already registered by Continue - open-source AI code agent (Continue.continue)
2025-11-28 21:09:41.963 [error] Cannot read properties of undefined (reading 'extensionId'): TypeError: Cannot read properties of undefined (reading 'extensionId')
    at t (vscode-file://vscode-app/opt/vscodium-bin/resources/app/out/vs/workbench/workbench.desktop.main.js:4125:2745)
    at _Dt.recommendRemoteExtensionIfNeeded (vscode-file://vscode-app/opt/vscodium-bin/resources/app/out/vs/workbench/workbench.desktop.main.js:4125:3497)
2025-11-28 21:09:43.130 [warning] Authentication provider continue was not declared in the Extension Manifest.
2025-11-28 21:09:43.132 [error] [Extension Host] (node:36592) [DEP0040] DeprecationWarning: The `punycode` module is deprecated. Please use a userland alternative instead.
(Use `exe --trace-deprecation ...` to show where the warning was created)
2025-11-28 21:09:43.133 [error] [Extension Host] Document /home/zkh/.mydotfiles/com.ml4w.dotfiles/.config/hypr/conf/keybindings/default.conf not found in AST tracker
2025-11-28 21:09:43.136 [error] [Extension Host] Failed to register Continue config.yaml schema, most likely, YAML extension is not installed CodeExpectedError: Unable to write to User Settings because yaml.schemas is not a registered configuration.
    at Fxt.toConfigurationEditingError (vscode-file://vscode-app/opt/vscodium-bin/resources/app/out/vs/workbench/workbench.desktop.main.js:3825:8351)
    at Fxt.validate (vscode-file://vscode-app/opt/vscodium-bin/resources/app/out/vs/workbench/workbench.desktop.main.js:3825:11157)
    at Fxt.doWriteConfiguration (vscode-file://vscode-app/opt/vscodium-bin/resources/app/out/vs/workbench/workbench.desktop.main.js:3825:4720)
    at Object.factory (vscode-file://vscode-app/opt/vscodium-bin/resources/app/out/vs/workbench/workbench.desktop.main.js:3825:4576)
    at J_.consume (vscode-file://vscode-app/opt/vscodium-bin/resources/app/out/vs/workbench/workbench.desktop.main.js:30:77696)
    at vscode-file://vscode-app/opt/vscodium-bin/resources/app/out/vs/workbench/workbench.desktop.main.js:30:77511
    at new Promise (<anonymous>)
    at J_.queue (vscode-file://vscode-app/opt/vscodium-bin/resources/app/out/vs/workbench/workbench.desktop.main.js:30:77435)
    at Fxt.writeConfiguration (vscode-file://vscode-app/opt/vscodium-bin/resources/app/out/vs/workbench/workbench.desktop.main.js:3825:4545)
    at ivn.writeConfigurationValue (vscode-file://vscode-app/opt/vscodium-bin/resources/app/out/vs/workbench/workbench.desktop.main.js:3825:61506)
2025-11-28 21:09:43.994 [info] [perf] Render performance baseline is 21ms
2025-11-28 21:09:46.351 [error] [Extension Host] Document /home/zkh/.mydotfiles/com.ml4w.dotfiles/.config/hypr/conf/keybindings/default.conf not found in AST tracker
2025-11-28 21:09:46.352 [error] [Extension Host] Document /home/zkh/.mydotfiles/com.ml4w.dotfiles/.config/hypr/conf/keybindings/default.conf not found in AST tracker
2025-11-28 21:09:46.637 [error] [Extension Host] Document /home/zkh/.mydotfiles/com.ml4w.dotfiles/.config/hypr/conf/keybindings/default.conf not found in AST tracker
2025-11-28 21:09:46.889 [error] [Extension Host] Document /home/zkh/.mydotfiles/com.ml4w.dotfiles/.config/hypr/conf/keybindings/default.conf not found in AST tracker
2025-11-28 21:09:55.579 [error] [Extension Host] Document /home/zkh/.mydotfiles/com.ml4w.dotfiles/.config/hypr/conf/keybindings/default.conf not found in AST tracker
2025-11-28 21:09:57.507 [error] [Extension Host] Document /home/zkh/.mydotfiles/com.ml4w.dotfiles/.config/hypr/conf/keybindings/default.conf not found in AST tracker
2025-11-28 21:10:12.140 [error] [Extension Host] Document /home/zkh/.mydotfiles/com.ml4w.dotfiles/.config/hypr/conf/keybindings/default.conf not found in AST tracker
2025-11-28 21:10:17.182 [error] [Extension Host] Document /home/zkh/.mydotfiles/com.ml4w.dotfiles/.config/hypr/conf/keybindings/default.conf not found in AST tracker
2025-11-28 21:10:22.949 [error] [Extension Host] Document /home/zkh/.mydotfiles/com.ml4w.dotfiles/.config/hypr/conf/keybindings/default.conf not found in AST tracker
