2025-12-10 17:52:17.632 [info] Started local extension host with pid 8396.
2025-12-10 17:52:17.794 [info] [Continue.continue]: Command `continue.focusContinueInput` already registered by Continue - open-source AI code agent (Continue.continue)
2025-12-10 17:52:19.551 [warning] Authentication provider continue was not declared in the Extension Manifest.
2025-12-10 17:52:19.551 [error] [Extension Host] (node:8396) [DEP0040] DeprecationWarning: The `punycode` module is deprecated. Please use a userland alternative instead.
(Use `exe --trace-deprecation ...` to show where the warning was created)
2025-12-10 17:52:19.553 [error] [Extension Host] Failed to register Continue config.yaml schema, most likely, YAML extension is not installed CodeExpectedError: Unable to write to User Settings because yaml.schemas is not a registered configuration.
    at Bkt.z (vscode-file://vscode-app/usr/lib/code/out/vs/workbench/workbench.desktop.main.js:3828:6793)
    at Bkt.F (vscode-file://vscode-app/usr/lib/code/out/vs/workbench/workbench.desktop.main.js:3828:9281)
    at Bkt.o (vscode-file://vscode-app/usr/lib/code/out/vs/workbench/workbench.desktop.main.js:3828:3874)
    at Object.factory (vscode-file://vscode-app/usr/lib/code/out/vs/workbench/workbench.desktop.main.js:3828:3774)
    at Qv.j (vscode-file://vscode-app/usr/lib/code/out/vs/workbench/workbench.desktop.main.js:30:75974)
    at vscode-file://vscode-app/usr/lib/code/out/vs/workbench/workbench.desktop.main.js:30:75886
    at new Promise (<anonymous>)
    at Qv.queue (vscode-file://vscode-app/usr/lib/code/out/vs/workbench/workbench.desktop.main.js:30:75828)
    at Bkt.writeConfiguration (vscode-file://vscode-app/usr/lib/code/out/vs/workbench/workbench.desktop.main.js:3828:3743)
    at cbn.Hb (vscode-file://vscode-app/usr/lib/code/out/vs/workbench/workbench.desktop.main.js:3828:42702)
2025-12-10 17:52:19.692 [error] [Extension Host] Document untitled:Untitled-1 not found in AST tracker
2025-12-10 17:52:25.567 [info] [perf] Render performance baseline is 24ms
2025-12-10 17:52:30.052 [error] [Extension Host] Document /home/zkh/.config/hypr/hyprland.conf not found in AST tracker
2025-12-10 17:52:39.469 [error] [Extension Host] Document /home/zkh/.config/hypr/hyprland.conf not found in AST tracker
2025-12-10 17:52:39.641 [error] [Extension Host] Document /home/zkh/.config/hypr/hyprland.conf not found in AST tracker
2025-12-10 17:52:39.772 [error] [Extension Host] Document /home/zkh/.config/hypr/hyprland.conf not found in AST tracker
2025-12-10 17:52:53.260 [error] [Extension Host] Document /home/zkh/.config/hypr/hyprland.conf not found in AST tracker
2025-12-10 17:52:53.887 [error] [Extension Host] Document /home/zkh/.config/hypr/hyprland.conf not found in AST tracker
2025-12-10 17:52:53.969 [error] [Extension Host] Document /home/zkh/.config/hypr/hyprland.conf not found in AST tracker
2025-12-10 17:52:54.454 [error] [Extension Host] Document /home/zkh/.config/hypr/hyprland.conf not found in AST tracker
2025-12-10 17:52:55.221 [error] [Extension Host] Document /home/zkh/.config/hypr/hyprland.conf not found in AST tracker
2025-12-10 17:52:56.321 [error] [Extension Host] Document /home/zkh/.config/hypr/hyprland.conf not found in AST tracker
2025-12-10 17:53:11.269 [error] [Extension Host] Document /home/zkh/.config/hypr/hyprland.conf not found in AST tracker
2025-12-10 17:53:11.355 [error] [Extension Host] Document /home/zkh/.config/hypr/hyprland.conf not found in AST tracker
2025-12-10 17:53:11.636 [error] [Extension Host] Document /home/zkh/.config/hypr/hyprland.conf not found in AST tracker
2025-12-10 17:53:11.907 [error] [Extension Host] Document /home/zkh/.config/hypr/hyprland.conf not found in AST tracker
2025-12-10 17:53:12.727 [error] [Extension Host] Document /home/zkh/.config/hypr/hyprland.conf not found in AST tracker
2025-12-10 17:53:14.639 [error] [Extension Host] Document /home/zkh/.config/hypr/hyprland.conf not found in AST tracker
2025-12-10 17:53:14.955 [error] [Extension Host] Document /home/zkh/.config/hypr/hyprland.conf not found in AST tracker
2025-12-10 17:53:15.157 [error] [Extension Host] Document /home/zkh/.config/hypr/hyprland.conf not found in AST tracker
2025-12-10 17:53:15.314 [error] [Extension Host] Document /home/zkh/.config/hypr/hyprland.conf not found in AST tracker
2025-12-10 17:53:15.482 [error] [Extension Host] Document /home/zkh/.config/hypr/hyprland.conf not found in AST tracker
2025-12-10 17:53:15.639 [error] [Extension Host] Document /home/zkh/.config/hypr/hyprland.conf not found in AST tracker
2025-12-10 17:53:15.805 [error] [Extension Host] Document /home/zkh/.config/hypr/hyprland.conf not found in AST tracker
2025-12-10 17:53:15.957 [error] [Extension Host] Document /home/zkh/.config/hypr/hyprland.conf not found in AST tracker
2025-12-10 17:53:16.109 [error] [Extension Host] Document /home/zkh/.config/hypr/hyprland.conf not found in AST tracker
2025-12-10 17:53:16.273 [error] [Extension Host] Document /home/zkh/.config/hypr/hyprland.conf not found in AST tracker
2025-12-10 17:53:16.433 [error] [Extension Host] Document /home/zkh/.config/hypr/hyprland.conf not found in AST tracker
2025-12-10 17:53:17.036 [error] [Extension Host] Document /home/zkh/.config/hypr/hyprland.conf not found in AST tracker
2025-12-10 17:53:17.117 [error] [Extension Host] Document /home/zkh/.config/hypr/hyprland.conf not found in AST tracker
2025-12-10 17:53:17.118 [error] [Extension Host] Document /home/zkh/.config/hypr/hyprland.conf not found in AST tracker
2025-12-10 17:53:17.197 [error] [Extension Host] Document /home/zkh/.config/hypr/hyprland.conf not found in AST tracker
2025-12-10 17:53:17.197 [error] [Extension Host] Document /home/zkh/.config/hypr/hyprland.conf not found in AST tracker
2025-12-10 17:53:17.278 [error] [Extension Host] Document /home/zkh/.config/hypr/hyprland.conf not found in AST tracker
2025-12-10 17:53:17.278 [error] [Extension Host] Document /home/zkh/.config/hypr/hyprland.conf not found in AST tracker
2025-12-10 17:53:17.360 [error] [Extension Host] Document /home/zkh/.config/hypr/hyprland.conf not found in AST tracker
2025-12-10 17:53:17.361 [error] [Extension Host] Document /home/zkh/.config/hypr/hyprland.conf not found in AST tracker
2025-12-10 17:53:17.455 [error] [Extension Host] Document /home/zkh/.config/hypr/hyprland.conf not found in AST tracker
2025-12-10 17:53:17.455 [error] [Extension Host] Document /home/zkh/.config/hypr/hyprland.conf not found in AST tracker
2025-12-10 17:53:17.522 [error] [Extension Host] Document /home/zkh/.config/hypr/hyprland.conf not found in AST tracker
2025-12-10 17:53:17.523 [error] [Extension Host] Document /home/zkh/.config/hypr/hyprland.conf not found in AST tracker
2025-12-10 17:53:17.605 [error] [Extension Host] Document /home/zkh/.config/hypr/hyprland.conf not found in AST tracker
2025-12-10 17:53:17.605 [error] [Extension Host] Document /home/zkh/.config/hypr/hyprland.conf not found in AST tracker
2025-12-10 17:53:17.684 [error] [Extension Host] Document /home/zkh/.config/hypr/hyprland.conf not found in AST tracker
2025-12-10 17:53:17.684 [error] [Extension Host] Document /home/zkh/.config/hypr/hyprland.conf not found in AST tracker
2025-12-10 17:53:17.766 [error] [Extension Host] Document /home/zkh/.config/hypr/hyprland.conf not found in AST tracker
2025-12-10 17:53:17.766 [error] [Extension Host] Document /home/zkh/.config/hypr/hyprland.conf not found in AST tracker
2025-12-10 17:53:17.855 [error] [Extension Host] Document /home/zkh/.config/hypr/hyprland.conf not found in AST tracker
2025-12-10 17:53:17.855 [error] [Extension Host] Document /home/zkh/.config/hypr/hyprland.conf not found in AST tracker
2025-12-10 17:53:17.938 [error] [Extension Host] Document /home/zkh/.config/hypr/hyprland.conf not found in AST tracker
2025-12-10 17:53:17.938 [error] [Extension Host] Document /home/zkh/.config/hypr/hyprland.conf not found in AST tracker
2025-12-10 17:53:18.010 [error] [Extension Host] Document /home/zkh/.config/hypr/hyprland.conf not found in AST tracker
2025-12-10 17:53:18.010 [error] [Extension Host] Document /home/zkh/.config/hypr/hyprland.conf not found in AST tracker
2025-12-10 17:53:18.105 [error] [Extension Host] Document /home/zkh/.config/hypr/hyprland.conf not found in AST tracker
2025-12-10 17:53:18.105 [error] [Extension Host] Document /home/zkh/.config/hypr/hyprland.conf not found in AST tracker
2025-12-10 17:53:18.173 [error] [Extension Host] Document /home/zkh/.config/hypr/hyprland.conf not found in AST tracker
2025-12-10 17:53:18.173 [error] [Extension Host] Document /home/zkh/.config/hypr/hyprland.conf not found in AST tracker
2025-12-10 17:53:18.523 [error] [Extension Host] Document /home/zkh/.config/hypr/hyprland.conf not found in AST tracker
2025-12-10 17:53:18.738 [error] [Extension Host] Document /home/zkh/.config/hypr/hyprland.conf not found in AST tracker
