2025-12-10 19:42:27.136 [info] Started local extension host with pid 76743.
2025-12-10 19:42:27.438 [info] [Continue.continue]: Command `continue.focusContinueInput` already registered by Continue - open-source AI code agent (Continue.continue)
2025-12-10 19:42:29.199 [warning] Authentication provider continue was not declared in the Extension Manifest.
2025-12-10 19:42:29.201 [error] [Extension Host] (node:76743) [DEP0040] DeprecationWarning: The `punycode` module is deprecated. Please use a userland alternative instead.
(Use `exe --trace-deprecation ...` to show where the warning was created)
2025-12-10 19:42:29.203 [error] [Extension Host] Failed to register Continue config.yaml schema, most likely, YAML extension is not installed CodeExpectedError: Unable to write to User Settings because yaml.schemas is not a registered configuration.
    at Bkt.z (vscode-file://vscode-app/usr/lib/code/out/vs/workbench/workbench.desktop.main.js:3828:6793)
    at Bkt.F (vscode-file://vscode-app/usr/lib/code/out/vs/workbench/workbench.desktop.main.js:3828:9281)
    at Bkt.o (vscode-file://vscode-app/usr/lib/code/out/vs/workbench/workbench.desktop.main.js:3828:3874)
    at Object.factory (vscode-file://vscode-app/usr/lib/code/out/vs/workbench/workbench.desktop.main.js:3828:3774)
    at Qv.j (vscode-file://vscode-app/usr/lib/code/out/vs/workbench/workbench.desktop.main.js:30:75974)
    at vscode-file://vscode-app/usr/lib/code/out/vs/workbench/workbench.desktop.main.js:30:75886
    at new Promise (<anonymous>)
    at Qv.queue (vscode-file://vscode-app/usr/lib/code/out/vs/workbench/workbench.desktop.main.js:30:75828)
    at Bkt.writeConfiguration (vscode-file://vscode-app/usr/lib/code/out/vs/workbench/workbench.desktop.main.js:3828:3743)
    at cbn.Hb (vscode-file://vscode-app/usr/lib/code/out/vs/workbench/workbench.desktop.main.js:3828:42702)
2025-12-10 19:42:29.917 [error] [Extension Host] Document /home/zkh/.ssh/ed25519.pub not found in AST tracker
2025-12-10 19:42:29.949 [info] [perf] Render performance baseline is 26ms
2025-12-10 19:42:30.231 [error] [Extension Host] Document /home/zkh/.ssh/ed25519.pub not found in AST tracker
2025-12-10 19:42:32.617 [error] [Extension Host] Document /home/zkh/.ssh/ed25519.pub not found in AST tracker
2025-12-10 19:42:33.689 [error] [Extension Host] Document /home/zkh/.ssh/ed25519.pub not found in AST tracker
2025-12-10 19:42:33.881 [error] [Extension Host] Document /home/zkh/.ssh/ed25519.pub not found in AST tracker
2025-12-10 19:42:34.523 [error] [Extension Host] Document /home/zkh/.ssh/ed25519.pub not found in AST tracker
2025-12-10 19:42:34.781 [error] [Extension Host] Document /home/zkh/.ssh/ed25519.pub not found in AST tracker
2025-12-10 19:42:35.198 [error] [Extension Host] Document /home/zkh/.ssh/ed25519.pub not found in AST tracker
2025-12-10 19:42:35.556 [error] [Extension Host] Document /home/zkh/.ssh/ed25519.pub not found in AST tracker
2025-12-10 19:42:35.868 [error] [Extension Host] Document /home/zkh/.ssh/ed25519.pub not found in AST tracker
