2025-11-28 21:13:13.573 [info] Started local extension host with pid 38586.
2025-11-28 21:13:13.841 [info] [Continue.continue]: Command `continue.focusContinueInput` already registered by Continue - open-source AI code agent (Continue.continue)
2025-11-28 21:13:14.307 [error] Cannot read properties of undefined (reading 'extensionId'): TypeError: Cannot read properties of undefined (reading 'extensionId')
    at t (vscode-file://vscode-app/opt/vscodium-bin/resources/app/out/vs/workbench/workbench.desktop.main.js:4125:2745)
    at _Dt.recommendRemoteExtensionIfNeeded (vscode-file://vscode-app/opt/vscodium-bin/resources/app/out/vs/workbench/workbench.desktop.main.js:4125:3497)
2025-11-28 21:13:15.482 [warning] Authentication provider continue was not declared in the Extension Manifest.
2025-11-28 21:13:15.484 [error] [Extension Host] (node:38586) [DEP0040] DeprecationWarning: The `punycode` module is deprecated. Please use a userland alternative instead.
(Use `exe --trace-deprecation ...` to show where the warning was created)
2025-11-28 21:13:15.488 [error] [Extension Host] Failed to register Continue config.yaml schema, most likely, YAML extension is not installed CodeExpectedError: Unable to write to User Settings because yaml.schemas is not a registered configuration.
    at Fxt.toConfigurationEditingError (vscode-file://vscode-app/opt/vscodium-bin/resources/app/out/vs/workbench/workbench.desktop.main.js:3825:8351)
    at Fxt.validate (vscode-file://vscode-app/opt/vscodium-bin/resources/app/out/vs/workbench/workbench.desktop.main.js:3825:11157)
    at Fxt.doWriteConfiguration (vscode-file://vscode-app/opt/vscodium-bin/resources/app/out/vs/workbench/workbench.desktop.main.js:3825:4720)
    at Object.factory (vscode-file://vscode-app/opt/vscodium-bin/resources/app/out/vs/workbench/workbench.desktop.main.js:3825:4576)
    at J_.consume (vscode-file://vscode-app/opt/vscodium-bin/resources/app/out/vs/workbench/workbench.desktop.main.js:30:77696)
    at vscode-file://vscode-app/opt/vscodium-bin/resources/app/out/vs/workbench/workbench.desktop.main.js:30:77511
    at new Promise (<anonymous>)
    at J_.queue (vscode-file://vscode-app/opt/vscodium-bin/resources/app/out/vs/workbench/workbench.desktop.main.js:30:77435)
    at Fxt.writeConfiguration (vscode-file://vscode-app/opt/vscodium-bin/resources/app/out/vs/workbench/workbench.desktop.main.js:3825:4545)
    at ivn.writeConfigurationValue (vscode-file://vscode-app/opt/vscodium-bin/resources/app/out/vs/workbench/workbench.desktop.main.js:3825:61506)
2025-11-28 21:13:16.356 [info] [perf] Render performance baseline is 21ms
2025-11-28 21:13:47.434 [error] [Extension Host] Document /home/zkh/.mydotfiles/com.ml4w.dotfiles/.config/ml4w/settings/waybar-theme.sh not found in AST tracker
2025-11-28 21:13:47.591 [error] [Extension Host] Document /home/zkh/.mydotfiles/com.ml4w.dotfiles/.config/ml4w/settings/waybar-theme.sh not found in AST tracker
2025-11-28 21:13:47.754 [error] [Extension Host] Document /home/zkh/.mydotfiles/com.ml4w.dotfiles/.config/ml4w/settings/waybar-theme.sh not found in AST tracker
2025-11-28 21:13:51.035 [error] spawn truecolor ENOENT: Error: spawn truecolor ENOENT
    at ChildProcess._handle.onexit (node:internal/child_process:285:19)
    at onErrorNT (node:internal/child_process:483:16)
    at process.processTicksAndRejections (node:internal/process/task_queues:90:21)
2025-11-28 21:13:53.352 [error] [Extension Host] Document /home/zkh/.mydotfiles/com.ml4w.dotfiles/.config/ml4w/settings/waybar-theme.sh not found in AST tracker
2025-11-28 21:14:04.121 [error] [Extension Host] Document /home/zkh/.mydotfiles/com.ml4w.dotfiles/.config/ml4w/settings/waybar-theme.sh not found in AST tracker
2025-11-28 21:14:04.273 [error] [Extension Host] Document /home/zkh/.mydotfiles/com.ml4w.dotfiles/.config/ml4w/settings/waybar-theme.sh not found in AST tracker
2025-11-28 21:14:04.420 [error] [Extension Host] Document /home/zkh/.mydotfiles/com.ml4w.dotfiles/.config/ml4w/settings/waybar-theme.sh not found in AST tracker
2025-11-28 21:14:08.011 [error] [Extension Host] Document /home/zkh/.mydotfiles/com.ml4w.dotfiles/.config/ml4w/settings/waybar-theme.sh not found in AST tracker
