2025-11-28 21:15:51.624 [info] Started local extension host with pid 40354.
2025-11-28 21:15:51.895 [info] [Continue.continue]: Command `continue.focusContinueInput` already registered by Continue - open-source AI code agent (Continue.continue)
2025-11-28 21:15:52.500 [error] Cannot read properties of undefined (reading 'extensionId'): TypeError: Cannot read properties of undefined (reading 'extensionId')
    at t (vscode-file://vscode-app/opt/vscodium-bin/resources/app/out/vs/workbench/workbench.desktop.main.js:4125:2745)
    at _Dt.recommendRemoteExtensionIfNeeded (vscode-file://vscode-app/opt/vscodium-bin/resources/app/out/vs/workbench/workbench.desktop.main.js:4125:3497)
2025-11-28 21:15:53.567 [warning] Authentication provider continue was not declared in the Extension Manifest.
2025-11-28 21:15:53.569 [error] [Extension Host] (node:40354) [DEP0040] DeprecationWarning: The `punycode` module is deprecated. Please use a userland alternative instead.
(Use `exe --trace-deprecation ...` to show where the warning was created)
2025-11-28 21:15:53.571 [error] [Extension Host] Failed to register Continue config.yaml schema, most likely, YAML extension is not installed CodeExpectedError: Unable to write to User Settings because yaml.schemas is not a registered configuration.
    at Fxt.toConfigurationEditingError (vscode-file://vscode-app/opt/vscodium-bin/resources/app/out/vs/workbench/workbench.desktop.main.js:3825:8351)
    at Fxt.validate (vscode-file://vscode-app/opt/vscodium-bin/resources/app/out/vs/workbench/workbench.desktop.main.js:3825:11157)
    at Fxt.doWriteConfiguration (vscode-file://vscode-app/opt/vscodium-bin/resources/app/out/vs/workbench/workbench.desktop.main.js:3825:4720)
    at Object.factory (vscode-file://vscode-app/opt/vscodium-bin/resources/app/out/vs/workbench/workbench.desktop.main.js:3825:4576)
    at J_.consume (vscode-file://vscode-app/opt/vscodium-bin/resources/app/out/vs/workbench/workbench.desktop.main.js:30:77696)
    at vscode-file://vscode-app/opt/vscodium-bin/resources/app/out/vs/workbench/workbench.desktop.main.js:30:77511
    at new Promise (<anonymous>)
    at J_.queue (vscode-file://vscode-app/opt/vscodium-bin/resources/app/out/vs/workbench/workbench.desktop.main.js:30:77435)
    at Fxt.writeConfiguration (vscode-file://vscode-app/opt/vscodium-bin/resources/app/out/vs/workbench/workbench.desktop.main.js:3825:4545)
    at ivn.writeConfigurationValue (vscode-file://vscode-app/opt/vscodium-bin/resources/app/out/vs/workbench/workbench.desktop.main.js:3825:61506)
2025-11-28 21:15:53.903 [error] [Extension Host] Document /home/zkh/.mydotfiles/com.ml4w.dotfiles/.config/hypr/conf/keybindings/default.conf not found in AST tracker
2025-11-28 21:15:54.024 [error] [Extension Host] Document /home/zkh/.mydotfiles/com.ml4w.dotfiles/.config/hypr/conf/keybindings/default.conf not found in AST tracker
2025-11-28 21:15:54.111 [error] [Extension Host] Document /home/zkh/.mydotfiles/com.ml4w.dotfiles/.config/hypr/conf/keybindings/default.conf not found in AST tracker
2025-11-28 21:15:54.295 [error] [Extension Host] Document /home/zkh/.mydotfiles/com.ml4w.dotfiles/.config/hypr/conf/keybindings/default.conf not found in AST tracker
2025-11-28 21:15:54.409 [info] [perf] Render performance baseline is 21ms
2025-11-28 21:15:54.425 [error] [Extension Host] Document /home/zkh/.mydotfiles/com.ml4w.dotfiles/.config/hypr/conf/keybindings/default.conf not found in AST tracker
